
Optional file libmchp_peripheral.a not found

Optional file libmchp_peripheral_32MX795F512L.a not found
Archive member included because of file (symbol)

c:/program files/microchip/xc32/v2.50/bin/bin/../../lib/gcc/pic32mx/4.8.3\libgcc.a(_udivdi3.o)
                              build/default/production/_ext/1033058136/tcp.o (__udivdi3)
c:/program files/microchip/xc32/v2.50/bin/bin/../../lib/gcc/pic32mx/4.8.3/../../../../pic32mx/lib\libpic32.a(memcmp.o)
                              build/default/production/_ext/732082881/drv_ethmac.o (memcmp)
c:/program files/microchip/xc32/v2.50/bin/bin/../../lib/gcc/pic32mx/4.8.3/../../../../pic32mx/lib\libpic32.a(memcpy.o)
                              build/default/production/_ext/1033058136/tcp.o (memcpy)
c:/program files/microchip/xc32/v2.50/bin/bin/../../lib/gcc/pic32mx/4.8.3/../../../../pic32mx/lib\libpic32.a(memset.o)
                              build/default/production/_ext/732082881/drv_ethmac.o (memset)
c:/program files/microchip/xc32/v2.50/bin/bin/../../lib/gcc/pic32mx/4.8.3/../../../../pic32mx/lib\libpic32.a(strcmp.o)
                              build/default/production/_ext/1033058136/dhcps.o (strcmp)
c:/program files/microchip/xc32/v2.50/bin/bin/../../lib/gcc/pic32mx/4.8.3/../../../../pic32mx/lib\libpic32.a(strcpy.o)
                              build/default/production/_ext/1033058136/tcpip_helpers.o (strcpy)
c:/program files/microchip/xc32/v2.50/bin/bin/../../lib/gcc/pic32mx/4.8.3/../../../../pic32mx/lib\libpic32.a(strlen.o)
                              build/default/production/_ext/1033058136/tcp.o (strlen)
c:/program files/microchip/xc32/v2.50/bin/bin/../../lib/gcc/pic32mx/4.8.3/../../../../pic32mx/lib\libpic32.a(default-on-reset.o)
                              C:\Users\user\AppData\Local\Temp\ccWnVuPa.o (_on_reset)
c:/program files/microchip/xc32/v2.50/bin/bin/../../lib/gcc/pic32mx/4.8.3/../../../../pic32mx/lib\libpic32.a(default-on-bootstrap.o)
                              C:\Users\user\AppData\Local\Temp\ccWnVuPa.o (_on_bootstrap)
c:/program files/microchip/xc32/v2.50/bin/bin/../../lib/gcc/pic32mx/4.8.3/../../../../pic32mx/lib\libpic32.a(default-nmi-handler.o)
                              C:\Users\user\AppData\Local\Temp\ccWnVuPa.o (_nmi_handler)
c:/program files/microchip/xc32/v2.50/bin/bin/../../lib/gcc/pic32mx/4.8.3/../../../../pic32mx/lib\libpic32.a(pic32_data_init.o)
                              C:\Users\user\AppData\Local\Temp\ccWnVuPa.o (__pic32_data_init)
c:/program files/microchip/xc32/v2.50/bin/bin/../../lib/gcc/pic32mx/4.8.3/../../../../pic32mx/lib\libpic32.a(general-exception.o)
                              C:\Users\user\AppData\Local\Temp\ccWnVuPa.o (_general_exception_context)
c:/program files/microchip/xc32/v2.50/bin/bin/../../lib/gcc/pic32mx/4.8.3/../../../../pic32mx/lib\libpic32.a(vector2.o)
                              C:\Users\user\AppData\Local\Temp\ccQYy8Ku.o (__vector_dispatch_2)
c:/program files/microchip/xc32/v2.50/bin/bin/../../lib/gcc/pic32mx/4.8.3/../../../../pic32mx/lib\libpic32.a(vector3.o)
                              C:\Users\user\AppData\Local\Temp\ccQYy8Ku.o (__vector_dispatch_3)
c:/program files/microchip/xc32/v2.50/bin/bin/../../lib/gcc/pic32mx/4.8.3/../../../../pic32mx/lib\libpic32.a(vector5.o)
                              C:\Users\user\AppData\Local\Temp\ccQYy8Ku.o (__vector_dispatch_5)
c:/program files/microchip/xc32/v2.50/bin/bin/../../lib/gcc/pic32mx/4.8.3/../../../../pic32mx/lib\libpic32.a(vector6.o)
                              C:\Users\user\AppData\Local\Temp\ccQYy8Ku.o (__vector_dispatch_6)
c:/program files/microchip/xc32/v2.50/bin/bin/../../lib/gcc/pic32mx/4.8.3/../../../../pic32mx/lib\libpic32.a(vector7.o)
                              C:\Users\user\AppData\Local\Temp\ccQYy8Ku.o (__vector_dispatch_7)
c:/program files/microchip/xc32/v2.50/bin/bin/../../lib/gcc/pic32mx/4.8.3/../../../../pic32mx/lib\libpic32.a(vector9.o)
                              C:\Users\user\AppData\Local\Temp\ccQYy8Ku.o (__vector_dispatch_9)
c:/program files/microchip/xc32/v2.50/bin/bin/../../lib/gcc/pic32mx/4.8.3/../../../../pic32mx/lib\libpic32.a(vector10.o)
                              C:\Users\user\AppData\Local\Temp\ccQYy8Ku.o (__vector_dispatch_10)
c:/program files/microchip/xc32/v2.50/bin/bin/../../lib/gcc/pic32mx/4.8.3/../../../../pic32mx/lib\libpic32.a(vector11.o)
                              C:\Users\user\AppData\Local\Temp\ccQYy8Ku.o (__vector_dispatch_11)
c:/program files/microchip/xc32/v2.50/bin/bin/../../lib/gcc/pic32mx/4.8.3/../../../../pic32mx/lib\libpic32.a(vector12.o)
                              C:\Users\user\AppData\Local\Temp\ccQYy8Ku.o (__vector_dispatch_12)
c:/program files/microchip/xc32/v2.50/bin/bin/../../lib/gcc/pic32mx/4.8.3/../../../../pic32mx/lib\libpic32.a(vector13.o)
                              C:\Users\user\AppData\Local\Temp\ccQYy8Ku.o (__vector_dispatch_13)
c:/program files/microchip/xc32/v2.50/bin/bin/../../lib/gcc/pic32mx/4.8.3/../../../../pic32mx/lib\libpic32.a(vector14.o)
[...]
Memory Configuration

Name             Origin             Length             Attributes
kseg0_program_mem 0x9d000000         0x00080000         xr
kseg0_boot_mem   0x9fc00490         0x00000970
exception_mem    0x9fc01000         0x00001000
kseg1_boot_mem   0xbfc00000         0x00000490
debug_exec_mem   0xbfc02000         0x00000ff0
config3          0xbfc02ff0         0x00000004
config2          0xbfc02ff4         0x00000004
config1          0xbfc02ff8         0x00000004
config0          0xbfc02ffc         0x00000004
kseg1_data_mem   0xa0000000         0x00020000         w !x
sfrs             0xbf800000         0x00100000
configsfrs       0xbfc02ff0         0x00000010
*default*        0x00000000         0xffffffff

Linker script and memory map

LOAD c:/program files/microchip/xc32/v2.50/bin/bin/../../lib/gcc/pic32mx/4.8.3/../../../../pic32mx/lib\debug-exception-return.o
LOAD build/default/production/_ext/60165520/plib_clk.o
LOAD build/default/production/_ext/1865200349/plib_evic.o
LOAD build/default/production/_ext/1865254177/plib_gpio.o
LOAD build/default/production/_ext/298189674/plib_spi4_master.o
LOAD build/default/production/_ext/163028504/xc32_monitor.o
LOAD build/default/production/_ext/1171490990/initialization.o
LOAD build/default/production/_ext/1171490990/interrupts.o
LOAD build/default/production/_ext/1171490990/exceptions.o
LOAD build/default/production/_ext/1360937237/main.o
LOAD build/default/production/_ext/60181895/plib_tmr2.o
LOAD build/default/production/_ext/732082881/drv_ethmac.o
LOAD build/default/production/_ext/732082881/drv_ethmac_lib.o
LOAD build/default/production/_ext/732082881/drv_eth_pic32_lib.o
LOAD build/default/production/_ext/1033058136/tcp.o
LOAD build/default/production/_ext/1033058136/arp.o
LOAD build/default/production/_ext/101884895/sys_time.o
LOAD build/default/production/_ext/1249264884/plib_coretimer.o
LOAD build/default/production/_ext/298189674/plib_spi1_master.o
LOAD build/default/production/_ext/1033058136/ipv4.o
LOAD build/default/production/_ext/1033058136/dhcps.o
LOAD build/default/production/_ext/1033058136/tcpip_heap_alloc.o
LOAD build/default/production/_ext/1033058136/tcpip_heap_internal.o
LOAD build/default/production/_ext/1033058136/dhcp.o
LOAD build/default/production/_ext/1033058136/dns.o
LOAD build/default/production/_ext/1033058136/helpers.o
LOAD build/default/production/_ext/1033058136/hash_fnv.o
LOAD build/default/production/_ext/1033058136/oahash.o
LOAD build/default/production/_ext/1033058136/tcpip_helpers.o
LOAD build/default/production/_ext/1033058136/tcpip_helper_c32.o
LOAD build/default/production/_ext/1033058136/tcpip_manager.o
LOAD build/default/production/_ext/1033058136/tcpip_notify.o
LOAD build/default/production/_ext/1033058136/tcpip_packet.o
LOAD build/default/production/_ext/753841488/sys_time_h2_adapter.o
LOAD build/default/production/_ext/753841488/sys_random_h2_adapter.o
LOAD build/default/production/_ext/1881668453/sys_int.o
LOAD build/default/production/_ext/1529399856/osal_freertos.o
LOAD build/default/production/_ext/1360937237/app.o
LOAD build/default/production/_ext/1171490990/tasks.o
LOAD build/default/production/_ext/1171490990/interrupts_a.o
LOAD build/default/production/_ext/1033058136/tcpip_announce.o
LOAD build/default/production/_ext/1033058136/udp.o
LOAD build/default/production/_ext/438849557/drv_miim.o
LOAD build/default/production/_ext/444070925/drv_ethphy.o
LOAD build/default/production/_ext/444070925/drv_extphy_smsc8720.o
LOAD build/default/production/_ext/1664057780/arc4.o
LOAD build/default/production/_ext/1664057780/asm.o
LOAD build/default/production/_ext/1664057780/asn.o
LOAD build/default/production/_ext/1664057780/blake2b.o
LOAD build/default/production/_ext/1664057780/blake2s.o
LOAD build/default/production/_ext/1664057780/camellia.o
LOAD build/default/production/_ext/1664057780/chacha.o
LOAD build/default/production/_ext/1664057780/chacha20_poly1305.o
LOAD build/default/production/_ext/1664057780/cmac.o
LOAD build/default/production/_ext/1664057780/coding.o
LOAD build/default/production/_ext/1664057780/compress.o
LOAD build/default/production/_ext/1664057780/cpuid.o
LOAD build/default/production/_ext/1664057780/cryptocb.o
LOAD build/default/production/_ext/1664057780/curve25519.o
LOAD build/default/production/_ext/1664057780/curve448.o
LOAD build/default/production/_ext/1664057780/dh.o
LOAD build/default/production/_ext/1664057780/dsa.o
LOAD build/default/production/_ext/1664057780/ecc.o
LOAD build/default/production/_ext/1664057780/ecc_fp.o
LOAD build/default/production/_ext/1664057780/ed25519.o
LOAD build/default/production/_ext/1664057780/ed448.o
LOAD build/default/production/_ext/1664057780/error.o
LOAD build/default/production/_ext/1664057780/fe_448.o
LOAD build/default/production/_ext/1664057780/fe_low_mem.o
LOAD build/default/production/_ext/1664057780/fe_operations.o
LOAD build/default/production/_ext/1664057780/ge_448.o
LOAD build/default/production/_ext/1664057780/ge_low_mem.o
LOAD build/default/production/_ext/1664057780/ge_operations.o
LOAD build/default/production/_ext/1664057780/hash.o
LOAD build/default/production/_ext/1664057780/hc128.o
LOAD build/default/production/_ext/1664057780/hmac.o
LOAD build/default/production/_ext/1664057780/idea.o
LOAD build/default/production/_ext/1664057780/integer.o
LOAD build/default/production/_ext/1664057780/logging.o
LOAD build/default/production/_ext/1664057780/md2.o
LOAD build/default/production/_ext/1664057780/md4.o
LOAD build/default/production/_ext/1664057780/md5.o
LOAD build/default/production/_ext/1664057780/memory.o
LOAD build/default/production/_ext/1664057780/pkcs12.o
LOAD build/default/production/_ext/1664057780/pkcs7.o
LOAD build/default/production/_ext/1664057780/poly1305.o
LOAD build/default/production/_ext/1664057780/pwdbased.o
LOAD build/default/production/_ext/1664057780/rabbit.o
LOAD build/default/production/_ext/1664057780/rc2.o
LOAD build/default/production/_ext/1664057780/ripemd.o
LOAD build/default/production/_ext/1664057780/rsa.o
LOAD build/default/production/_ext/1664057780/sha3.o
LOAD build/default/production/_ext/1664057780/signature.o
LOAD build/default/production/_ext/1664057780/sp_arm32.o
LOAD build/default/production/_ext/1664057780/sp_arm64.o
LOAD build/default/production/_ext/1664057780/sp_armthumb.o
LOAD build/default/production/_ext/1664057780/sp_c32.o
LOAD build/default/production/_ext/1664057780/sp_c64.o
LOAD build/default/production/_ext/1664057780/sp_cortexm.o
LOAD build/default/production/_ext/1664057780/sp_dsp32.o
LOAD build/default/production/_ext/1664057780/sp_int.o
LOAD build/default/production/_ext/1664057780/sp_x86_64.o
LOAD build/default/production/_ext/1664057780/srp.o
LOAD build/default/production/_ext/1664057780/tfm.o
LOAD build/default/production/_ext/1664057780/wc_dsp.o
LOAD build/default/production/_ext/1664057780/wc_encrypt.o
LOAD build/default/production/_ext/1664057780/wc_pkcs11.o
LOAD build/default/production/_ext/1664057780/wc_port.o
LOAD build/default/production/_ext/1664057780/wolfevent.o
LOAD build/default/production/_ext/1664057780/wolfmath.o
LOAD build/default/production/_ext/172253694/pic32mz-crypt.o
LOAD build/default/production/_ext/172253694/crypt_aes_sam6149.o
LOAD build/default/production/_ext/172253694/crypt_aes_u2238.o
LOAD build/default/production/_ext/172253694/crypt_ecc_ba414e.o
LOAD build/default/production/_ext/172253694/crypt_ecc_pukcl.o
LOAD build/default/production/_ext/172253694/crypt_pukcl_functions.o
LOAD build/default/production/_ext/172253694/crypt_rng_sam6334.o
LOAD build/default/production/_ext/172253694/crypt_rng_u2242.o
LOAD build/default/production/_ext/172253694/crypt_rsa_pukcl.o
LOAD build/default/production/_ext/172253694/crypt_sam_u2803.o
LOAD build/default/production/_ext/172253694/crypt_sha1_sam11105.o
LOAD build/default/production/_ext/172253694/crypt_sha1_sam6156.o
LOAD build/default/production/_ext/172253694/crypt_sha224_sam11105.o
LOAD build/default/production/_ext/172253694/crypt_sha224_sam6156.o
LOAD build/default/production/_ext/172253694/crypt_sha256_sam11105.o
LOAD build/default/production/_ext/172253694/crypt_sha256_sam6156.o
LOAD build/default/production/_ext/172253694/crypt_sha384_sam6156.o
LOAD build/default/production/_ext/172253694/crypt_sha512_sam6156.o
LOAD build/default/production/_ext/172253694/crypt_tdes_sam6150.o
LOAD build/default/production/_ext/172253694/crypt_wolfcryptcb.o
LOAD build/default/production/_ext/1664057780/aes.o
LOAD build/default/production/_ext/1664057780/des3.o
LOAD build/default/production/_ext/1664057780/random.o
LOAD build/default/production/_ext/1664057780/sha.o
LOAD build/default/production/_ext/1664057780/sha256.o
LOAD build/default/production/_ext/1664057780/sha512.o
LOAD build/default/production/_ext/1664057780/misc.o
LOAD build/default/production/_ext/1664057780/evp.o
LOAD build/default/production/_ext/1645245335/crypto.o
LOAD build/default/production/_ext/1171490990/freertos_hooks.o
LOAD build/default/production/_ext/404212886/croutine.o
LOAD build/default/production/_ext/404212886/list.o
LOAD build/default/production/_ext/404212886/queue.o
LOAD build/default/production/_ext/404212886/FreeRTOS_tasks.o
LOAD build/default/production/_ext/404212886/timers.o
LOAD build/default/production/_ext/404212886/event_groups.o
LOAD build/default/production/_ext/404212886/stream_buffer.o
LOAD build/default/production/_ext/1665200909/heap_1.o
LOAD build/default/production/_ext/951553248/port.o
LOAD build/default/production/_ext/951553248/port_asm.o
                0x00000001                __MPLAB_BUILD = 0x1
                0x00000400                PROVIDE (_min_stack_size, 0x400)
START GROUP
LOAD libmchp_peripheral.a
END GROUP
START GROUP
LOAD libmchp_peripheral_32MX795F512L.a
END GROUP
                0x00000001                PROVIDE (_vector_spacing, 0x1)
                0x9fc01000                PROVIDE (_ebase_address, 0x9fc01000)
                0xbfc00000                _RESET_ADDR = 0xbfc00000
                0xbfc00380                _BEV_EXCPT_ADDR = 0xbfc00380
                0xbfc00480                _DBG_EXCPT_ADDR = 0xbfc00480
                0xbfc02000                _DBG_CODE_ADDR = 0xbfc02000
                0x00000ff0                _DBG_CODE_SIZE = 0xff0
                0x9fc01180                _GEN_EXCPT_ADDR = (_ebase_address + 0x180)

.config_BFC02FF0
                0xbfc02ff0        0x4
 *(.config_BFC02FF0)
 .config_BFC02FF0
                0xbfc02ff0        0x4 build/default/production/_ext/1171490990/initialization.o

.config_BFC02FF4
                0xbfc02ff4        0x4
 *(.config_BFC02FF4)
 .config_BFC02FF4
                0xbfc02ff4        0x4 build/default/production/_ext/1171490990/initialization.o

.config_BFC02FF8
                0xbfc02ff8        0x4
 *(.config_BFC02FF8)
 .config_BFC02FF8
                0xbfc02ff8        0x4 build/default/production/_ext/1171490990/initialization.o

.config_BFC02FFC
                0xbfc02ffc        0x4
 *(.config_BFC02FFC)
 .config_BFC02FFC
                0xbfc02ffc        0x4 build/default/production/_ext/1171490990/initialization.o

.reset          0xbfc00000      0x19c
 *(.reset)
 .reset         0xbfc00000        0x8 C:\Users\user\AppData\Local\Temp\ccWnVuPa.o
                0xbfc00000                _reset
 *(.reset.startup)
 .reset.startup
                0xbfc00008      0x194 C:\Users\user\AppData\Local\Temp\ccWnVuPa.o
                0xbfc00008                _startup

.bev_excpt      0xbfc00380       0x10
 *(.bev_handler)
 .bev_handler   0xbfc00380       0x10 C:\Users\user\AppData\Local\Temp\ccWnVuPa.o

.dbg_excpt      0xbfc00480        0x0
                0xbfc00480                . = (. + DEFINED (_DEBUGGER)?0x8:0x0)

.dbg_code       0xbfc02000        0x0
                0xbfc02000                . = (. + DEFINED (_DEBUGGER)?_DBG_CODE_SIZE:0x0)

.app_excpt      0x9fc01180       0x10
 *(.gen_handler)
 .gen_handler   0x9fc01180       0x10 C:\Users\user\AppData\Local\Temp\ccWnVuPa.o

.vector_0       0x9fc01200       0x10
 *(.vector_0)
 .vector_0      0x9fc01200       0x10 build/default/production/_ext/1171490990/interrupts_a.o
                0x9fc01200                __vector_dispatch_0
                0x00000001                ASSERT (((_vector_spacing == 0x0) || (SIZEOF (.vector_0) <= (_vector_spacing << 0x5))), function at exception vector 0 too large)

.vector_1       0x9fc01220        0x8
 *(.vector_1)
 .vector_1      0x9fc01220        0x8 build/default/production/_ext/951553248/port.o
                0x9fc01220                __vector_dispatch_1
                0x00000001                ASSERT (((_vector_spacing == 0x0) || (SIZEOF (.vector_1) <= (_vector_spacing << 0x5))), function at exception vector 1 too large)

.vector_2       0x9fc01240        0x8
 *(.vector_2)
 .vector_2      0x9fc01240        0x8 c:/program files/microchip/xc32/v2.50/bin/bin/../../lib/gcc/pic32mx/4.8.3/../../../../pic32mx/lib\libpic32.a(vector2.o)
                0x9fc01240                __vector_dispatch_2
                0x00000001                ASSERT (((_vector_spacing == 0x0) || (SIZEOF (.vector_2) <= (_vector_spacing << 0x5))), function at exception vector 2 too large)

.vector_3       0x9fc01260        0x8
 *(.vector_3)
 .vector_3      0x9fc01260        0x8 c:/program files/microchip/xc32/v2.50/bin/bin/../../lib/gcc/pic32mx/4.8.3/../../../../pic32mx/lib\libpic32.a(vector3.o)
                0x9fc01260                __vector_dispatch_3
                0x00000001                ASSERT (((_vector_spacing == 0x0) || (SIZEOF (.vector_3) <= (_vector_spacing << 0x5))), function at exception vector 3 too large)

.vector_4       0x9fc01280        0x8
 *(.vector_4)
 .vector_4      0x9fc01280        0x8 build/default/production/_ext/951553248/port.o
                0x9fc01280                __vector_dispatch_4
                0x00000001                ASSERT (((_vector_spacing == 0x0) || (SIZEOF (.vector_4) <= (_vector_spacing << 0x5))), function at exception vector 4 too large)

.vector_5       0x9fc012a0        0x8
 *(.vector_5)
 .vector_5      0x9fc012a0        0x8 c:/program files/microchip/xc32/v2.50/bin/bin/../../lib/gcc/pic32mx/4.8.3/../../../../pic32mx/lib\libpic32.a(vector5.o)
                0x9fc012a0                __vector_dispatch_5
                0x00000001                ASSERT (((_vector_spacing == 0x0) || (SIZEOF (.vector_5) <= (_vector_spacing << 0x5))), function at exception vector 5 too large)

.vector_6       0x9fc012c0        0x8
 *(.vector_6)
 .vector_6      0x9fc012c0        0x8 c:/program files/microchip/xc32/v2.50/bin/bin/../../lib/gcc/pic32mx/4.8.3/../../../../pic32mx/lib\libpic32.a(vector6.o)
                0x9fc012c0                __vector_dispatch_6
                0x00000001                ASSERT (((_vector_spacing == 0x0) || (SIZEOF (.vector_6) <= (_vector_spacing << 0x5))), function at exception vector 6 too large)

.vector_7       0x9fc012e0        0x8
 *(.vector_7)
 .vector_7      0x9fc012e0        0x8 c:/program files/microchip/xc32/v2.50/bin/bin/../../lib/gcc/pic32mx/4.8.3/../../../../pic32mx/lib\libpic32.a(vector7.o)
                0x9fc012e0                __vector_dispatch_7
                0x00000001                ASSERT (((_vector_spacing == 0x0) || (SIZEOF (.vector_7) <= (_vector_spacing << 0x5))), function at exception vector 7 too large)

.vector_8       0x9fc01300       0x10
 *(.vector_8)
 .vector_8      0x9fc01300       0x10 build/default/production/_ext/1171490990/interrupts_a.o
                0x9fc01300                __vector_dispatch_8
                0x00000001                ASSERT (((_vector_spacing == 0x0) || (SIZEOF (.vector_8) <= (_vector_spacing << 0x5))), function at exception vector 8 too large)

.vector_9       0x9fc01320        0x8
 *(.vector_9)
 .vector_9      0x9fc01320        0x8 c:/program files/microchip/xc32/v2.50/bin/bin/../../lib/gcc/pic32mx/4.8.3/../../../../pic32mx/lib\libpic32.a(vector9.o)
                0x9fc01320                __vector_dispatch_9
                0x00000001                ASSERT (((_vector_spacing == 0x0) || (SIZEOF (.vector_9) <= (_vector_spacing << 0x5))), function at exception vector 9 too large)

.vector_10      0x9fc01340        0x8
 *(.vector_10)
 .vector_10     0x9fc01340        0x8 c:/program files/microchip/xc32/v2.50/bin/bin/../../lib/gcc/pic32mx/4.8.3/../../../../pic32mx/lib\libpic32.a(vector10.o)
                0x9fc01340                __vector_dispatch_10
                0x00000001                ASSERT (((_vector_spacing == 0x0) || (SIZEOF (.vector_10) <= (_vector_spacing << 0x5))), function at exception vector 10 too large)

.vector_11      0x9fc01360        0x8
 *(.vector_11)
 .vector_11     0x9fc01360        0x8 c:/program files/microchip/xc32/v2.50/bin/bin/../../lib/gcc/pic32mx/4.8.3/../../../../pic32mx/lib\libpic32.a(vector11.o)
                0x9fc01360                __vector_dispatch_11
                0x00000001                ASSERT (((_vector_spacing == 0x0) || (SIZEOF (.vector_11) <= (_vector_spacing << 0x5))), function at exception vector 11 too large)

.vector_12      0x9fc01380        0x8
 *(.vector_12)
 .vector_12     0x9fc01380        0x8 c:/program files/microchip/xc32/v2.50/bin/bin/../../lib/gcc/pic32mx/4.8.3/../../../../pic32mx/lib\libpic32.a(vector12.o)
                0x9fc01380                __vector_dispatch_12
                0x00000001                ASSERT (((_vector_spacing == 0x0) || (SIZEOF (.vector_12) <= (_vector_spacing << 0x5))), function at exception vector 12 too large)

.vector_13      0x9fc013a0        0x8
 *(.vector_13)
 .vector_13     0x9fc013a0        0x8 c:/program files/microchip/xc32/v2.50/bin/bin/../../lib/gcc/pic32mx/4.8.3/../../../../pic32mx/lib\libpic32.a(vector13.o)
                0x9fc013a0                __vector_dispatch_13
                0x00000001                ASSERT (((_vector_spacing == 0x0) || (SIZEOF (.vector_13) <= (_vector_spacing << 0x5))), function at exception vector 13 too large)

.vector_14      0x9fc013c0        0x8
 *(.vector_14)
 .vector_14     0x9fc013c0        0x8 c:/program files/microchip/xc32/v2.50/bin/bin/../../lib/gcc/pic32mx/4.8.3/../../../../pic32mx/lib\libpic32.a(vector14.o)
                0x9fc013c0                __vector_dispatch_14
                0x00000001                ASSERT (((_vector_spacing == 0x0) || (SIZEOF (.vector_14) <= (_vector_spacing << 0x5))), function at exception vector 14 too large)

.vector_15      0x9fc013e0        0x8
 *(.vector_15)
 .vector_15     0x9fc013e0        0x8 c:/program files/microchip/xc32/v2.50/bin/bin/../../lib/gcc/pic32mx/4.8.3/../../../../pic32mx/lib\libpic32.a(vector15.o)
                0x9fc013e0                __vector_dispatch_15
                0x00000001                ASSERT (((_vector_spacing == 0x0) || (SIZEOF (.vector_15) <= (_vector_spacing << 0x5))), function at exception vector 15 too large)

.vector_16      0x9fc01400        0x8
 *(.vector_16)
 .vector_16     0x9fc01400        0x8 c:/program files/microchip/xc32/v2.50/bin/bin/../../lib/gcc/pic32mx/4.8.3/../../../../pic32mx/lib\libpic32.a(vector16.o)
                0x9fc01400                __vector_dispatch_16
                0x00000001                ASSERT (((_vector_spacing == 0x0) || (SIZEOF (.vector_16) <= (_vector_spacing << 0x5))), function at exception vector 16 too large)

.vector_17      0x9fc01420        0x8
 *(.vector_17)
 .vector_17     0x9fc01420        0x8 c:/program files/microchip/xc32/v2.50/bin/bin/../../lib/gcc/pic32mx/4.8.3/../../../../pic32mx/lib\libpic32.a(vector17.o)
                0x9fc01420                __vector_dispatch_17
                0x00000001                ASSERT (((_vector_spacing == 0x0) || (SIZEOF (.vector_17) <= (_vector_spacing << 0x5))), function at exception vector 17 too large)

.vector_18      0x9fc01440        0x8
 *(.vector_18)
 .vector_18     0x9fc01440        0x8 c:/program files/microchip/xc32/v2.50/bin/bin/../../lib/gcc/pic32mx/4.8.3/../../../../pic32mx/lib\libpic32.a(vector18.o)
                0x9fc01440                __vector_dispatch_18
                0x00000001                ASSERT (((_vector_spacing == 0x0) || (SIZEOF (.vector_18) <= (_vector_spacing << 0x5))), function at exception vector 18 too large)

.vector_19      0x9fc01460        0x8
 *(.vector_19)
 .vector_19     0x9fc01460        0x8 c:/program files/microchip/xc32/v2.50/bin/bin/../../lib/gcc/pic32mx/4.8.3/../../../../pic32mx/lib\libpic32.a(vector19.o)
                0x9fc01460                __vector_dispatch_19
                0x00000001                ASSERT (((_vector_spacing == 0x0) || (SIZEOF (.vector_19) <= (_vector_spacing << 0x5))), function at exception vector 19 too large)

.vector_20      0x9fc01480        0x8
 *(.vector_20)
 .vector_20     0x9fc01480        0x8 c:/program files/microchip/xc32/v2.50/bin/bin/../../lib/gcc/pic32mx/4.8.3/../../../../pic32mx/lib\libpic32.a(vector20.o)
                0x9fc01480                __vector_dispatch_20
                0x00000001                ASSERT (((_vector_spacing == 0x0) || (SIZEOF (.vector_20) <= (_vector_spacing << 0x5))), function at exception vector 20 too large)

.vector_21      0x9fc014a0        0x8
 *(.vector_21)
 .vector_21     0x9fc014a0        0x8 c:/program files/microchip/xc32/v2.50/bin/bin/../../lib/gcc/pic32mx/4.8.3/../../../../pic32mx/lib\libpic32.a(vector21.o)
                0x9fc014a0                __vector_dispatch_21
                0x00000001                ASSERT (((_vector_spacing == 0x0) || (SIZEOF (.vector_21) <= (_vector_spacing << 0x5))), function at exception vector 21 too large)

.vector_22      0x9fc014c0        0x8
 *(.vector_22)
 .vector_22     0x9fc014c0        0x8 c:/program files/microchip/xc32/v2.50/bin/bin/../../lib/gcc/pic32mx/4.8.3/../../../../pic32mx/lib\libpic32.a(vector22.o)
                0x9fc014c0                __vector_dispatch_22
                0x00000001                ASSERT (((_vector_spacing == 0x0) || (SIZEOF (.vector_22) <= (_vector_spacing << 0x5))), function at exception vector 22 too large)

.vector_23      0x9fc014e0       0x10
 *(.vector_23)
 .vector_23     0x9fc014e0       0x10 build/default/production/_ext/1171490990/interrupts_a.o
                0x9fc014e0                __vector_dispatch_23
                0x00000001                ASSERT (((_vector_spacing == 0x0) || (SIZEOF (.vector_23) <= (_vector_spacing << 0x5))), function at exception vector 23 too large)

.vector_24      0x9fc01500        0x8
 *(.vector_24)
 .vector_24     0x9fc01500        0x8 c:/program files/microchip/xc32/v2.50/bin/bin/../../lib/gcc/pic32mx/4.8.3/../../../../pic32mx/lib\libpic32.a(vector24.o)
                0x9fc01500                __vector_dispatch_24
                0x00000001                ASSERT (((_vector_spacing == 0x0) || (SIZEOF (.vector_24) <= (_vector_spacing << 0x5))), function at exception vector 24 too large)

.vector_25      0x9fc01520        0x8
 *(.vector_25)
 .vector_25     0x9fc01520        0x8 c:/program files/microchip/xc32/v2.50/bin/bin/../../lib/gcc/pic32mx/4.8.3/../../../../pic32mx/lib\libpic32.a(vector25.o)
                0x9fc01520                __vector_dispatch_25
                0x00000001                ASSERT (((_vector_spacing == 0x0) || (SIZEOF (.vector_25) <= (_vector_spacing << 0x5))), function at exception vector 25 too large)

.vector_26      0x9fc01540        0x8
 *(.vector_26)
 .vector_26     0x9fc01540        0x8 c:/program files/microchip/xc32/v2.50/bin/bin/../../lib/gcc/pic32mx/4.8.3/../../../../pic32mx/lib\libpic32.a(vector26.o)
                0x9fc01540                __vector_dispatch_26
                0x00000001                ASSERT (((_vector_spacing == 0x0) || (SIZEOF (.vector_26) <= (_vector_spacing << 0x5))), function at exception vector 26 too large)

.vector_27      0x9fc01560        0x8
 *(.vector_27)
 .vector_27     0x9fc01560        0x8 c:/program files/microchip/xc32/v2.50/bin/bin/../../lib/gcc/pic32mx/4.8.3/../../../../pic32mx/lib\libpic32.a(vector27.o)
                0x9fc01560                __vector_dispatch_27
                0x00000001                ASSERT (((_vector_spacing == 0x0) || (SIZEOF (.vector_27) <= (_vector_spacing << 0x5))), function at exception vector 27 too large)

.vector_28      0x9fc01580        0x8
 *(.vector_28)
 .vector_28     0x9fc01580        0x8 c:/program files/microchip/xc32/v2.50/bin/bin/../../lib/gcc/pic32mx/4.8.3/../../../../pic32mx/lib\libpic32.a(vector28.o)
                0x9fc01580                __vector_dispatch_28
                0x00000001                ASSERT (((_vector_spacing == 0x0) || (SIZEOF (.vector_28) <= (_vector_spacing << 0x5))), function at exception vector 28 too large)

.vector_29      0x9fc015a0        0x8
 *(.vector_29)
 .vector_29     0x9fc015a0        0x8 c:/program files/microchip/xc32/v2.50/bin/bin/../../lib/gcc/pic32mx/4.8.3/../../../../pic32mx/lib\libpic32.a(vector29.o)
                0x9fc015a0                __vector_dispatch_29
                0x00000001                ASSERT (((_vector_spacing == 0x0) || (SIZEOF (.vector_29) <= (_vector_spacing << 0x5))), function at exception vector 29 too large)

.vector_30      0x9fc015c0        0x8
 *(.vector_30)
 .vector_30     0x9fc015c0        0x8 c:/program files/microchip/xc32/v2.50/bin/bin/../../lib/gcc/pic32mx/4.8.3/../../../../pic32mx/lib\libpic32.a(vector30.o)
                0x9fc015c0                __vector_dispatch_30
                0x00000001                ASSERT (((_vector_spacing == 0x0) || (SIZEOF (.vector_30) <= (_vector_spacing << 0x5))), function at exception vector 30 too large)

.vector_31      0x9fc015e0        0x8
 *(.vector_31)
 .vector_31     0x9fc015e0        0x8 c:/program files/microchip/xc32/v2.50/bin/bin/../../lib/gcc/pic32mx/4.8.3/../../../../pic32mx/lib\libpic32.a(vector31.o)
                0x9fc015e0                __vector_dispatch_31
                0x00000001                ASSERT (((_vector_spacing == 0x0) || (SIZEOF (.vector_31) <= (_vector_spacing << 0x5))), function at exception vector 31 too large)

.vector_32      0x9fc01600       0x10
 *(.vector_32)
 .vector_32     0x9fc01600       0x10 build/default/production/_ext/1171490990/interrupts_a.o
                0x9fc01600                __vector_dispatch_32
                0x00000001                ASSERT (((_vector_spacing == 0x0) || (SIZEOF (.vector_32) <= (_vector_spacing << 0x5))), function at exception vector 32 too large)

.vector_33      0x9fc01620        0x8
 *(.vector_33)
 .vector_33     0x9fc01620        0x8 c:/program files/microchip/xc32/v2.50/bin/bin/../../lib/gcc/pic32mx/4.8.3/../../../../pic32mx/lib\libpic32.a(vector33.o)
                0x9fc01620                __vector_dispatch_33
                0x00000001                ASSERT (((_vector_spacing == 0x0) || (SIZEOF (.vector_33) <= (_vector_spacing << 0x5))), function at exception vector 33 too large)

.vector_34      0x9fc01640        0x8
 *(.vector_34)
 .vector_34     0x9fc01640        0x8 c:/program files/microchip/xc32/v2.50/bin/bin/../../lib/gcc/pic32mx/4.8.3/../../../../pic32mx/lib\libpic32.a(vector34.o)
                0x9fc01640                __vector_dispatch_34
                0x00000001                ASSERT (((_vector_spacing == 0x0) || (SIZEOF (.vector_34) <= (_vector_spacing << 0x5))), function at exception vector 34 too large)

.vector_35      0x9fc01660        0x8
 *(.vector_35)
 .vector_35     0x9fc01660        0x8 c:/program files/microchip/xc32/v2.50/bin/bin/../../lib/gcc/pic32mx/4.8.3/../../../../pic32mx/lib\libpic32.a(vector35.o)
                0x9fc01660                __vector_dispatch_35
                0x00000001                ASSERT (((_vector_spacing == 0x0) || (SIZEOF (.vector_35) <= (_vector_spacing << 0x5))), function at exception vector 35 too large)

.vector_36      0x9fc01680        0x8
 *(.vector_36)
 .vector_36     0x9fc01680        0x8 c:/program files/microchip/xc32/v2.50/bin/bin/../../lib/gcc/pic32mx/4.8.3/../../../../pic32mx/lib\libpic32.a(vector36.o)
                0x9fc01680                __vector_dispatch_36
                0x00000001                ASSERT (((_vector_spacing == 0x0) || (SIZEOF (.vector_36) <= (_vector_spacing << 0x5))), function at exception vector 36 too large)

.vector_37      0x9fc016a0        0x8
 *(.vector_37)
 .vector_37     0x9fc016a0        0x8 c:/program files/microchip/xc32/v2.50/bin/bin/../../lib/gcc/pic32mx/4.8.3/../../../../pic32mx/lib\libpic32.a(vector37.o)
                0x9fc016a0                __vector_dispatch_37
                0x00000001                ASSERT (((_vector_spacing == 0x0) || (SIZEOF (.vector_37) <= (_vector_spacing << 0x5))), function at exception vector 37 too large)

.vector_38      0x9fc016c0        0x8
 *(.vector_38)
 .vector_38     0x9fc016c0        0x8 c:/program files/microchip/xc32/v2.50/bin/bin/../../lib/gcc/pic32mx/4.8.3/../../../../pic32mx/lib\libpic32.a(vector38.o)
                0x9fc016c0                __vector_dispatch_38
                0x00000001                ASSERT (((_vector_spacing == 0x0) || (SIZEOF (.vector_38) <= (_vector_spacing << 0x5))), function at exception vector 38 too large)

.vector_39      0x9fc016e0        0x8
 *(.vector_39)
 .vector_39     0x9fc016e0        0x8 c:/program files/microchip/xc32/v2.50/bin/bin/../../lib/gcc/pic32mx/4.8.3/../../../../pic32mx/lib\libpic32.a(vector39.o)
                0x9fc016e0                __vector_dispatch_39
                0x00000001                ASSERT (((_vector_spacing == 0x0) || (SIZEOF (.vector_39) <= (_vector_spacing << 0x5))), function at exception vector 39 too large)

.vector_40      0x9fc01700        0x8
 *(.vector_40)
 .vector_40     0x9fc01700        0x8 c:/program files/microchip/xc32/v2.50/bin/bin/../../lib/gcc/pic32mx/4.8.3/../../../../pic32mx/lib\libpic32.a(vector40.o)
                0x9fc01700                __vector_dispatch_40
                0x00000001                ASSERT (((_vector_spacing == 0x0) || (SIZEOF (.vector_40) <= (_vector_spacing << 0x5))), function at exception vector 40 too large)

.vector_41      0x9fc01720        0x8
 *(.vector_41)
 .vector_41     0x9fc01720        0x8 c:/program files/microchip/xc32/v2.50/bin/bin/../../lib/gcc/pic32mx/4.8.3/../../../../pic32mx/lib\libpic32.a(vector41.o)
                0x9fc01720                __vector_dispatch_41
                0x00000001                ASSERT (((_vector_spacing == 0x0) || (SIZEOF (.vector_41) <= (_vector_spacing << 0x5))), function at exception vector 41 too large)

.vector_42      0x9fc01740        0x8
 *(.vector_42)
 .vector_42     0x9fc01740        0x8 c:/program files/microchip/xc32/v2.50/bin/bin/../../lib/gcc/pic32mx/4.8.3/../../../../pic32mx/lib\libpic32.a(vector42.o)
                0x9fc01740                __vector_dispatch_42
                0x00000001                ASSERT (((_vector_spacing == 0x0) || (SIZEOF (.vector_42) <= (_vector_spacing << 0x5))), function at exception vector 42 too large)

.vector_43      0x9fc01760        0x8
 *(.vector_43)
 .vector_43     0x9fc01760        0x8 c:/program files/microchip/xc32/v2.50/bin/bin/../../lib/gcc/pic32mx/4.8.3/../../../../pic32mx/lib\libpic32.a(vector43.o)
                0x9fc01760                __vector_dispatch_43
                0x00000001                ASSERT (((_vector_spacing == 0x0) || (SIZEOF (.vector_43) <= (_vector_spacing << 0x5))), function at exception vector 43 too large)

.vector_44      0x9fc01780        0x8
 *(.vector_44)
 .vector_44     0x9fc01780        0x8 c:/program files/microchip/xc32/v2.50/bin/bin/../../lib/gcc/pic32mx/4.8.3/../../../../pic32mx/lib\libpic32.a(vector44.o)
                0x9fc01780                __vector_dispatch_44
                0x00000001                ASSERT (((_vector_spacing == 0x0) || (SIZEOF (.vector_44) <= (_vector_spacing << 0x5))), function at exception vector 44 too large)

.vector_45      0x9fc017a0        0x8
 *(.vector_45)
 .vector_45     0x9fc017a0        0x8 c:/program files/microchip/xc32/v2.50/bin/bin/../../lib/gcc/pic32mx/4.8.3/../../../../pic32mx/lib\libpic32.a(vector45.o)
                0x9fc017a0                __vector_dispatch_45
                0x00000001                ASSERT (((_vector_spacing == 0x0) || (SIZEOF (.vector_45) <= (_vector_spacing << 0x5))), function at exception vector 45 too large)

.vector_46      0x9fc017c0        0x8
 *(.vector_46)
 .vector_46     0x9fc017c0        0x8 c:/program files/microchip/xc32/v2.50/bin/bin/../../lib/gcc/pic32mx/4.8.3/../../../../pic32mx/lib\libpic32.a(vector46.o)
                0x9fc017c0                __vector_dispatch_46
                0x00000001                ASSERT (((_vector_spacing == 0x0) || (SIZEOF (.vector_46) <= (_vector_spacing << 0x5))), function at exception vector 46 too large)

.vector_47      0x9fc017e0        0x8
 *(.vector_47)
 .vector_47     0x9fc017e0        0x8 c:/program files/microchip/xc32/v2.50/bin/bin/../../lib/gcc/pic32mx/4.8.3/../../../../pic32mx/lib\libpic32.a(vector47.o)
                0x9fc017e0                __vector_dispatch_47
                0x00000001                ASSERT (((_vector_spacing == 0x0) || (SIZEOF (.vector_47) <= (_vector_spacing << 0x5))), function at exception vector 47 too large)

.vector_48      0x9fc01800       0x10
 *(.vector_48)
 .vector_48     0x9fc01800       0x10 build/default/production/_ext/1171490990/interrupts_a.o
                0x9fc01800                __vector_dispatch_48
                0x00000001                ASSERT (((_vector_spacing == 0x0) || (SIZEOF (.vector_48) <= (_vector_spacing << 0x5))), function at exception vector 48 too large)

.vector_49      0x9fc01820        0x8
 *(.vector_49)
 .vector_49     0x9fc01820        0x8 c:/program files/microchip/xc32/v2.50/bin/bin/../../lib/gcc/pic32mx/4.8.3/../../../../pic32mx/lib\libpic32.a(vector49.o)
                0x9fc01820                __vector_dispatch_49
                0x00000001                ASSERT (((_vector_spacing == 0x0) || (SIZEOF (.vector_49) <= (_vector_spacing << 0x5))), function at exception vector 49 too large)

.vector_50      0x9fc01840        0x8
 *(.vector_50)
 .vector_50     0x9fc01840        0x8 c:/program files/microchip/xc32/v2.50/bin/bin/../../lib/gcc/pic32mx/4.8.3/../../../../pic32mx/lib\libpic32.a(vector50.o)
                0x9fc01840                __vector_dispatch_50
                0x00000001                ASSERT (((_vector_spacing == 0x0) || (SIZEOF (.vector_50) <= (_vector_spacing << 0x5))), function at exception vector 50 too large)

.vector_51      0x9fc01860        0x8
 *(.vector_51)
 .vector_51     0x9fc01860        0x8 c:/program files/microchip/xc32/v2.50/bin/bin/../../lib/gcc/pic32mx/4.8.3/../../../../pic32mx/lib\libpic32.a(vector51.o)
                0x9fc01860                __vector_dispatch_51
                0x00000001                ASSERT (((_vector_spacing == 0x0) || (SIZEOF (.vector_51) <= (_vector_spacing << 0x5))), function at exception vector 51 too large)

.vector_52      0x9fc01880        0x0
 *(.vector_52)
                0x00000001                ASSERT (((_vector_spacing == 0x0) || (SIZEOF (.vector_52) <= (_vector_spacing << 0x5))), function at exception vector 52 too large)

.vector_53      0x9fc018a0        0x0
 *(.vector_53)
                0x00000001                ASSERT (((_vector_spacing == 0x0) || (SIZEOF (.vector_53) <= (_vector_spacing << 0x5))), function at exception vector 53 too large)

.vector_54      0x9fc018c0        0x0
 *(.vector_54)
                0x00000001                ASSERT (((_vector_spacing == 0x0) || (SIZEOF (.vector_54) <= (_vector_spacing << 0x5))), function at exception vector 54 too large)

.vector_55      0x9fc018e0        0x0
 *(.vector_55)
                0x00000001                ASSERT (((_vector_spacing == 0x0) || (SIZEOF (.vector_55) <= (_vector_spacing << 0x5))), function at exception vector 55 too large)

.vector_56      0x9fc01900        0x0
 *(.vector_56)
                0x00000001                ASSERT (((_vector_spacing == 0x0) || (SIZEOF (.vector_56) <= (_vector_spacing << 0x5))), function at exception vector 56 too large)

.vector_57      0x9fc01920        0x0
 *(.vector_57)
                0x00000001                ASSERT (((_vector_spacing == 0x0) || (SIZEOF (.vector_57) <= (_vector_spacing << 0x5))), function at exception vector 57 too large)

.vector_58      0x9fc01940        0x0
 *(.vector_58)
                0x00000001                ASSERT (((_vector_spacing == 0x0) || (SIZEOF (.vector_58) <= (_vector_spacing << 0x5))), function at exception vector 58 too large)

.vector_59      0x9fc01960        0x0
 *(.vector_59)
                0x00000001                ASSERT (((_vector_spacing == 0x0) || (SIZEOF (.vector_59) <= (_vector_spacing << 0x5))), function at exception vector 59 too large)

.vector_60      0x9fc01980        0x0
 *(.vector_60)
                0x00000001                ASSERT (((_vector_spacing == 0x0) || (SIZEOF (.vector_60) <= (_vector_spacing << 0x5))), function at exception vector 60 too large)

.vector_61      0x9fc019a0        0x0
 *(.vector_61)
                0x00000001                ASSERT (((_vector_spacing == 0x0) || (SIZEOF (.vector_61) <= (_vector_spacing << 0x5))), function at exception vector 61 too large)

.vector_62      0x9fc019c0        0x0
 *(.vector_62)
                0x00000001                ASSERT (((_vector_spacing == 0x0) || (SIZEOF (.vector_62) <= (_vector_spacing << 0x5))), function at exception vector 62 too large)

.vector_63      0x9fc019e0        0x0
 *(.vector_63)
                0x00000001                ASSERT (((_vector_spacing == 0x0) || (SIZEOF (.vector_63) <= (_vector_spacing << 0x5))), function at exception vector 63 too large)

.startup
 *(.startup)

.text           0x9d000000        0x0
 *(.stub .gnu.linkonce.t.*)
 *(.text.*personality*)
 *(.mips16.fn.*)
 *(.mips16.call.*)
 *(.gnu.warning)
                0x9d000000                . = ALIGN (0x4)

.init           0x9d000000        0x0
 *crti.o(.init)
 *crtbegin.o(.init)
 *(EXCLUDE_FILE(*crtn.o *crtend?.o *crtend.o) .init)
 *crtend.o(.init)
 *crtn.o(.init)
                0x9d000000                . = ALIGN (0x4)

.fini           0x9d000000        0x0
 *(.fini)
                0x9d000000                . = ALIGN (0x4)

.preinit_array  0x9d000000        0x0
                0x9d000000                PROVIDE (__preinit_array_start, .)
 *(.preinit_array)
                0x9d000000                PROVIDE (__preinit_array_end, .)
                0x9d000000                . = ALIGN (0x4)

.init_array     0x9d000000        0x0
                0x9d000000                PROVIDE (__init_array_start, .)
 *(SORT(.init_array.*))
 *(.init_array)
                0x9d000000                PROVIDE (__init_array_end, .)
                0x9d000000                . = ALIGN (0x4)

.fini_array     0x9d000000        0x0
                0x9d000000                PROVIDE (__fini_array_start, .)
 *(SORT(.fini_array.*))
 *(.fini_array)
                0x9d000000                PROVIDE (__fini_array_end, .)
                0x9d000000                . = ALIGN (0x4)

.ctors          0x9d000000        0x0
 *crtbegin.o(.ctors)
 *crtbegin?.o(.ctors)
 *(EXCLUDE_FILE(*crtend?.o *crtend.o) .ctors)
 *(SORT(.ctors.*))
 *(.ctors)
                0x9d000000                . = ALIGN (0x4)

.dtors          0x9d000000        0x0
 *crtbegin.o(.dtors)
 *crtbegin?.o(.dtors)
 *(EXCLUDE_FILE(*crtend?.o *crtend.o) .dtors)
 *(SORT(.dtors.*))
 *(.dtors)
                0x9d000000                . = ALIGN (0x4)

.rodata         0x9d000000        0x0
 *(.gnu.linkonce.r.*)
 *(.rodata1)
                0x9d000000                . = ALIGN (0x4)

.sdata2         0x9fc00490        0x0
 *(.sdata2 .sdata2.* .gnu.linkonce.s2.*)
                0x9fc00490                . = ALIGN (0x4)

.sbss2          0x9fc00490        0x0
 *(.sbss2 .sbss2.* .gnu.linkonce.sb2.*)
                0x9fc00490                . = ALIGN (0x4)

.eh_frame_hdr
 *(.eh_frame_hdr)
                0x9fc00490                . = ALIGN (0x4)

.eh_frame
 *(.eh_frame)
                0x9fc00490                . = ALIGN (0x4)

.gcc_except_table
 *(.gcc_except_table .gcc_except_table.*)
                0x9fc00490                . = ALIGN (0x4)

.dbg_data       0xa0000000        0x0
                0xa0000000                . = (. + DEFINED (_DEBUGGER)?0x200:0x0)

.jcr            0xa0000000        0x0
 *(.jcr)
                0xa0000000                . = ALIGN (0x4)

.eh_frame
 *(.eh_frame)
                0xa0000000                . = ALIGN (0x4)

.gcc_except_table
 *(.gcc_except_table .gcc_except_table.*)
                0xa0000000                . = ALIGN (0x4)

.persist        0xa0000000        0x0
                0xa0000000                _persist_begin = .
 *(.persist .persist.*)
                0xa0000000                . = ALIGN (0x4)
                0xa0000000                _persist_end = .

.data           0xa0000000        0x0
 *(.gnu.linkonce.d.*)
 *(.data1)
                0xa0000000                . = ALIGN (0x4)
                0xa0000000                . = .
                0xa0007ff0                _gp = (ALIGN (0x10) + 0x7ff0)

.got            0xa0000000        0x0
 *(.got.plt)
 *(.got)
                0xa0000000                . = ALIGN (0x4)

.sdata          0xa0000000       0x20
                0xa0000000                _sdata_begin = .
 *(.sdata .sdata.* .gnu.linkonce.s.*)
 .sdata         0xa0000000        0x4 build/default/production/_ext/1033058136/tcp.o
                0xa0000000                led4
                0xa0000001                led3
                0xa0000002                led2
                0xa0000003                led1
 .sdata         0xa0000004        0x8 build/default/production/_ext/1033058136/arp.o
 .sdata         0xa000000c        0x2 build/default/production/_ext/101884895/sys_time.o
 *fill*         0xa000000e        0x2 
 .sdata         0xa0000010        0x4 build/default/production/_ext/1033058136/tcpip_manager.o
 .sdata         0xa0000014        0x8 build/default/production/_ext/1360937237/app.o
 .sdata         0xa000001c        0x4 build/default/production/_ext/951553248/port.o
                0xa000001c                uxInterruptNesting
                0xa0000020                . = ALIGN (0x4)
                0xa0000020                _sdata_end = .

.lit8
 *(.lit8)

.lit4
 *(.lit4)
                0xa0000020                . = ALIGN (0x4)
                0xa0000020                _data_end = .
                0xa0000020                _bss_begin = .

.sbss           0xa0000020      0x150
                0xa0000020                _sbss_begin = .
 *(.dynsbss)
 *(.sbss .sbss.* .gnu.linkonce.sb.*)
 .sbss          0xa0000020        0x8 build/default/production/_ext/1171490990/exceptions.o
 .sbss          0xa0000028        0x8 build/default/production/_ext/60181895/plib_tmr2.o
 .sbss          0xa0000030        0x4 build/default/production/_ext/732082881/drv_ethmac.o
 .sbss          0xa0000034       0x20 build/default/production/_ext/1033058136/tcp.o
 .sbss          0xa0000054       0x20 build/default/production/_ext/1033058136/ipv4.o
 .sbss          0xa0000074       0x14 build/default/production/_ext/1033058136/dhcps.o
 .sbss          0xa0000088       0x28 build/default/production/_ext/1033058136/tcpip_manager.o
 .sbss          0xa00000b0        0x4 build/default/production/_ext/1033058136/tcpip_packet.o
 .sbss          0xa00000b4        0x8 build/default/production/_ext/753841488/sys_time_h2_adapter.o
 .sbss          0xa00000bc        0x4 build/default/production/_ext/753841488/sys_random_h2_adapter.o
 .sbss          0xa00000c0        0x4 build/default/production/_ext/1033058136/tcpip_announce.o
 .sbss          0xa00000c4       0x1c build/default/production/_ext/1033058136/udp.o
 .sbss          0xa00000e0        0x4 build/default/production/_ext/1664057780/wc_port.o
 .sbss          0xa00000e4        0x1 build/default/production/_ext/172253694/crypt_pukcl_functions.o
                0xa00000e4                SelfTestState
 *fill*         0xa00000e5        0x3 
 .sbss          0xa00000e8       0x3c build/default/production/_ext/404212886/FreeRTOS_tasks.o
                0xa0000120                pxCurrentTCB
 .sbss          0xa0000124        0x8 build/default/production/_ext/1665200909/heap_1.o
 .sbss          0xa000012c        0x4 build/default/production/_ext/951553248/port.o
                0xa000012c                uxSavedTaskStackPointer
 *(.scommon)
 .scommon       0xa0000130        0x8 build/default/production/_ext/1249264884/plib_coretimer.o
                0xa0000130                coreTmr
 .scommon       0xa0000138        0x4 build/default/production/_ext/1033058136/dhcps.o
                0xa0000138                initTime
 .scommon       0xa000013c       0x2c build/default/production/_ext/1360937237/app.o
                0xa000013c                w2
                0xa0000140                ipAddr
                0xa0000144                appData
                0xa000014c                i
                0xa0000150                w
                0xa0000152                wCurrentChunk
                0xa0000154                netH
                0xa0000158                netName
                0xa000015c                nNets
                0xa0000160                wMaxPut
                0xa0000162                wMaxGet
                0xa0000164                netBiosName
 .scommon       0xa0000168        0x4 build/default/production/_ext/1171490990/tasks.o
                0xa0000168                xAPP_Tasks
 .scommon       0xa000016c        0x4 build/default/production/_ext/172253694/crypt_pukcl_functions.o
                0xa000016c                pvPUKCLParam
                0xa0000170                _sbss_end = .
                0xa0000170                . = ALIGN (0x4)

.bss            0xa0000170       0x80
 *(.dynbss)
 *(COMMON)
 COMMON         0xa0000170       0x28 build/default/production/_ext/298189674/plib_spi4_master.o
                0xa0000170                spi4Obj
 COMMON         0xa0000198        0xc build/default/production/_ext/1171490990/initialization.o
                0xa0000198                sysObj
 COMMON         0xa00001a4       0x28 build/default/production/_ext/298189674/plib_spi1_master.o
                0xa00001a4                spi1Obj
 COMMON         0xa00001cc       0x21 build/default/production/_ext/1360937237/app.o
                0xa00001cc                AppBuffer
                0xa00001f0                . = ALIGN ((. != 0x0)?0x4:0x1)
 *fill*         0xa00001ed        0x3 
                0xa00001f0                . = ALIGN (0x4)
                0xa00001f0                _end = .
                0xa00001f0                _bss_end = .
                0x00020000                _bmxdudba_address = 0x20000
                0x00020000                _bmxdupba_address = 0x20000

/DISCARD/
 *(.pdr)
 *(.rel.dyn)
 *(.note.GNU-stack)
 *(.note.GNU-stack)
 *(.gnu_debuglink)
 *(.gnu.lto_*)
 *(.discard)

.gptab.sdata
 *(.gptab.data)
 *(.gptab.sdata)

.gptab.sbss
 *(.gptab.bss)
 *(.gptab.sbss)

.mdebug.abi32   0x00000000        0x0
 *(.mdebug.abi32)
 .mdebug.abi32  0x00000000        0x0 build/default/production/_ext/60165520/plib_clk.o
 .mdebug.abi32  0x00000000        0x0 build/default/production/_ext/1865200349/plib_evic.o
 .mdebug.abi32  0x00000000        0x0 build/default/production/_ext/1865254177/plib_gpio.o
 .mdebug.abi32  0x00000000        0x0 build/default/production/_ext/298189674/plib_spi4_master.o
 .mdebug.abi32  0x00000000        0x0 build/default/production/_ext/163028504/xc32_monitor.o
 .mdebug.abi32  0x00000000        0x0 build/default/production/_ext/1171490990/initialization.o
 .mdebug.abi32  0x00000000        0x0 build/default/production/_ext/1171490990/interrupts.o
 .mdebug.abi32  0x00000000        0x0 build/default/production/_ext/1171490990/exceptions.o
 .mdebug.abi32  0x00000000        0x0 build/default/production/_ext/1360937237/main.o
 .mdebug.abi32  0x00000000        0x0 build/default/production/_ext/60181895/plib_tmr2.o
 .mdebug.abi32  0x00000000        0x0 build/default/production/_ext/732082881/drv_ethmac.o
 .mdebug.abi32  0x00000000        0x0 build/default/production/_ext/732082881/drv_ethmac_lib.o
 .mdebug.abi32  0x00000000        0x0 build/default/production/_ext/732082881/drv_eth_pic32_lib.o
 .mdebug.abi32  0x00000000        0x0 build/default/production/_ext/1033058136/tcp.o
 .mdebug.abi32  0x00000000        0x0 build/default/production/_ext/1033058136/arp.o
 .mdebug.abi32  0x00000000        0x0 build/default/production/_ext/101884895/sys_time.o
 .mdebug.abi32  0x00000000        0x0 build/default/production/_ext/1249264884/plib_coretimer.o
 .mdebug.abi32  0x00000000        0x0 build/default/production/_ext/298189674/plib_spi1_master.o
 .mdebug.abi32  0x00000000        0x0 build/default/production/_ext/1033058136/ipv4.o
 .mdebug.abi32  0x00000000        0x0 build/default/production/_ext/1033058136/dhcps.o
 .mdebug.abi32  0x00000000        0x0 build/default/production/_ext/1033058136/tcpip_heap_alloc.o
 .mdebug.abi32  0x00000000        0x0 build/default/production/_ext/1033058136/tcpip_heap_internal.o
 .mdebug.abi32  0x00000000        0x0 build/default/production/_ext/1033058136/dhcp.o
 .mdebug.abi32  0x00000000        0x0 build/default/production/_ext/1033058136/dns.o
 .mdebug.abi32  0x00000000        0x0 build/default/production/_ext/1033058136/helpers.o
 .mdebug.abi32  0x00000000        0x0 build/default/production/_ext/1033058136/hash_fnv.o
 .mdebug.abi32  0x00000000        0x0 build/default/production/_ext/1033058136/oahash.o
 .mdebug.abi32  0x00000000        0x0 build/default/production/_ext/1033058136/tcpip_helpers.o
 .mdebug.abi32  0x00000000        0x0 build/default/production/_ext/1033058136/tcpip_manager.o
 .mdebug.abi32  0x00000000        0x0 build/default/production/_ext/1033058136/tcpip_notify.o
 .mdebug.abi32  0x00000000        0x0 build/default/production/_ext/1033058136/tcpip_packet.o
 .mdebug.abi32  0x00000000        0x0 build/default/production/_ext/753841488/sys_time_h2_adapter.o
 .mdebug.abi32  0x00000000        0x0 build/default/production/_ext/753841488/sys_random_h2_adapter.o
 .mdebug.abi32  0x00000000        0x0 build/default/production/_ext/1881668453/sys_int.o
 .mdebug.abi32  0x00000000        0x0 build/default/production/_ext/1529399856/osal_freertos.o
 .mdebug.abi32  0x00000000        0x0 build/default/production/_ext/1360937237/app.o
 .mdebug.abi32  0x00000000        0x0 build/default/production/_ext/1171490990/tasks.o
 .mdebug.abi32  0x00000000        0x0 build/default/production/_ext/1033058136/tcpip_announce.o
 .mdebug.abi32  0x00000000        0x0 build/default/production/_ext/1033058136/udp.o
 .mdebug.abi32  0x00000000        0x0 build/default/production/_ext/438849557/drv_miim.o
 .mdebug.abi32  0x00000000        0x0 build/default/production/_ext/444070925/drv_ethphy.o
 .mdebug.abi32  0x00000000        0x0 build/default/production/_ext/444070925/drv_extphy_smsc8720.o
 .mdebug.abi32  0x00000000        0x0 build/default/production/_ext/1664057780/arc4.o
 .mdebug.abi32  0x00000000        0x0 build/default/production/_ext/1664057780/asm.o
 .mdebug.abi32  0x00000000        0x0 build/default/production/_ext/1664057780/asn.o
 .mdebug.abi32  0x00000000        0x0 build/default/production/_ext/1664057780/blake2b.o
 .mdebug.abi32  0x00000000        0x0 build/default/production/_ext/1664057780/blake2s.o
 .mdebug.abi32  0x00000000        0x0 build/default/production/_ext/1664057780/camellia.o
 .mdebug.abi32  0x00000000        0x0 build/default/production/_ext/1664057780/chacha.o
 .mdebug.abi32  0x00000000        0x0 build/default/production/_ext/1664057780/chacha20_poly1305.o
 .mdebug.abi32  0x00000000        0x0 build/default/production/_ext/1664057780/cmac.o
 .mdebug.abi32  0x00000000        0x0 build/default/production/_ext/1664057780/coding.o
 .mdebug.abi32  0x00000000        0x0 build/default/production/_ext/1664057780/compress.o
 .mdebug.abi32  0x00000000        0x0 build/default/production/_ext/1664057780/cpuid.o
 .mdebug.abi32  0x00000000        0x0 build/default/production/_ext/1664057780/cryptocb.o
 .mdebug.abi32  0x00000000        0x0 build/default/production/_ext/1664057780/curve25519.o
 .mdebug.abi32  0x00000000        0x0 build/default/production/_ext/1664057780/curve448.o
 .mdebug.abi32  0x00000000        0x0 build/default/production/_ext/1664057780/dh.o
 .mdebug.abi32  0x00000000        0x0 build/default/production/_ext/1664057780/dsa.o
 .mdebug.abi32  0x00000000        0x0 build/default/production/_ext/1664057780/ecc.o
 .mdebug.abi32  0x00000000        0x0 build/default/production/_ext/1664057780/ecc_fp.o
 .mdebug.abi32  0x00000000        0x0 build/default/production/_ext/1664057780/ed25519.o
 .mdebug.abi32  0x00000000        0x0 build/default/production/_ext/1664057780/ed448.o
 .mdebug.abi32  0x00000000        0x0 build/default/production/_ext/1664057780/error.o
 .mdebug.abi32  0x00000000        0x0 build/default/production/_ext/1664057780/fe_448.o
 .mdebug.abi32  0x00000000        0x0 build/default/production/_ext/1664057780/fe_low_mem.o
 .mdebug.abi32  0x00000000        0x0 build/default/production/_ext/1664057780/fe_operations.o
 .mdebug.abi32  0x00000000        0x0 build/default/production/_ext/1664057780/ge_448.o
 .mdebug.abi32  0x00000000        0x0 build/default/production/_ext/1664057780/ge_low_mem.o
 .mdebug.abi32  0x00000000        0x0 build/default/production/_ext/1664057780/ge_operations.o
 .mdebug.abi32  0x00000000        0x0 build/default/production/_ext/1664057780/hash.o
 .mdebug.abi32  0x00000000        0x0 build/default/production/_ext/1664057780/hc128.o
 .mdebug.abi32  0x00000000        0x0 build/default/production/_ext/1664057780/hmac.o
 .mdebug.abi32  0x00000000        0x0 build/default/production/_ext/1664057780/idea.o
 .mdebug.abi32  0x00000000        0x0 build/default/production/_ext/1664057780/integer.o
 .mdebug.abi32  0x00000000        0x0 build/default/production/_ext/1664057780/logging.o
 .mdebug.abi32  0x00000000        0x0 build/default/production/_ext/1664057780/md2.o
 .mdebug.abi32  0x00000000        0x0 build/default/production/_ext/1664057780/md4.o
 .mdebug.abi32  0x00000000        0x0 build/default/production/_ext/1664057780/md5.o
 .mdebug.abi32  0x00000000        0x0 build/default/production/_ext/1664057780/memory.o
 .mdebug.abi32  0x00000000        0x0 build/default/production/_ext/1664057780/pkcs12.o
 .mdebug.abi32  0x00000000        0x0 build/default/production/_ext/1664057780/pkcs7.o
 .mdebug.abi32  0x00000000        0x0 build/default/production/_ext/1664057780/poly1305.o
 .mdebug.abi32  0x00000000        0x0 build/default/production/_ext/1664057780/pwdbased.o
 .mdebug.abi32  0x00000000        0x0 build/default/production/_ext/1664057780/rabbit.o
 .mdebug.abi32  0x00000000        0x0 build/default/production/_ext/1664057780/rc2.o
 .mdebug.abi32  0x00000000        0x0 build/default/production/_ext/1664057780/ripemd.o
 .mdebug.abi32  0x00000000        0x0 build/default/production/_ext/1664057780/rsa.o
 .mdebug.abi32  0x00000000        0x0 build/default/production/_ext/1664057780/sha3.o
 .mdebug.abi32  0x00000000        0x0 build/default/production/_ext/1664057780/signature.o
 .mdebug.abi32  0x00000000        0x0 build/default/production/_ext/1664057780/sp_arm32.o
 .mdebug.abi32  0x00000000        0x0 build/default/production/_ext/1664057780/sp_arm64.o
 .mdebug.abi32  0x00000000        0x0 build/default/production/_ext/1664057780/sp_armthumb.o
 .mdebug.abi32  0x00000000        0x0 build/default/production/_ext/1664057780/sp_c32.o
 .mdebug.abi32  0x00000000        0x0 build/default/production/_ext/1664057780/sp_c64.o
 .mdebug.abi32  0x00000000        0x0 build/default/production/_ext/1664057780/sp_cortexm.o
 .mdebug.abi32  0x00000000        0x0 build/default/production/_ext/1664057780/sp_dsp32.o
 .mdebug.abi32  0x00000000        0x0 build/default/production/_ext/1664057780/sp_int.o
 .mdebug.abi32  0x00000000        0x0 build/default/production/_ext/1664057780/sp_x86_64.o
 .mdebug.abi32  0x00000000        0x0 build/default/production/_ext/1664057780/srp.o
 .mdebug.abi32  0x00000000        0x0 build/default/production/_ext/1664057780/tfm.o
 .mdebug.abi32  0x00000000        0x0 build/default/production/_ext/1664057780/wc_dsp.o
 .mdebug.abi32  0x00000000        0x0 build/default/production/_ext/1664057780/wc_encrypt.o
 .mdebug.abi32  0x00000000        0x0 build/default/production/_ext/1664057780/wc_pkcs11.o
 .mdebug.abi32  0x00000000        0x0 build/default/production/_ext/1664057780/wc_port.o
 .mdebug.abi32  0x00000000        0x0 build/default/production/_ext/1664057780/wolfevent.o
 .mdebug.abi32  0x00000000        0x0 build/default/production/_ext/1664057780/wolfmath.o
 .mdebug.abi32  0x00000000        0x0 build/default/production/_ext/172253694/pic32mz-crypt.o
 .mdebug.abi32  0x00000000        0x0 build/default/production/_ext/172253694/crypt_aes_sam6149.o
 .mdebug.abi32  0x00000000        0x0 build/default/production/_ext/172253694/crypt_aes_u2238.o
 .mdebug.abi32  0x00000000        0x0 build/default/production/_ext/172253694/crypt_ecc_ba414e.o
 .mdebug.abi32  0x00000000        0x0 build/default/production/_ext/172253694/crypt_ecc_pukcl.o
 .mdebug.abi32  0x00000000        0x0 build/default/production/_ext/172253694/crypt_pukcl_functions.o
 .mdebug.abi32  0x00000000        0x0 build/default/production/_ext/172253694/crypt_rng_sam6334.o
 .mdebug.abi32  0x00000000        0x0 build/default/production/_ext/172253694/crypt_rng_u2242.o
 .mdebug.abi32  0x00000000        0x0 build/default/production/_ext/172253694/crypt_rsa_pukcl.o
 .mdebug.abi32  0x00000000        0x0 build/default/production/_ext/172253694/crypt_sam_u2803.o
 .mdebug.abi32  0x00000000        0x0 build/default/production/_ext/172253694/crypt_sha1_sam11105.o
 .mdebug.abi32  0x00000000        0x0 build/default/production/_ext/172253694/crypt_sha1_sam6156.o
 .mdebug.abi32  0x00000000        0x0 build/default/production/_ext/172253694/crypt_sha224_sam11105.o
 .mdebug.abi32  0x00000000        0x0 build/default/production/_ext/172253694/crypt_sha224_sam6156.o
 .mdebug.abi32  0x00000000        0x0 build/default/production/_ext/172253694/crypt_sha256_sam11105.o
 .mdebug.abi32  0x00000000        0x0 build/default/production/_ext/172253694/crypt_sha256_sam6156.o
 .mdebug.abi32  0x00000000        0x0 build/default/production/_ext/172253694/crypt_sha384_sam6156.o
 .mdebug.abi32  0x00000000        0x0 build/default/production/_ext/172253694/crypt_sha512_sam6156.o
 .mdebug.abi32  0x00000000        0x0 build/default/production/_ext/172253694/crypt_tdes_sam6150.o
 .mdebug.abi32  0x00000000        0x0 build/default/production/_ext/172253694/crypt_wolfcryptcb.o
 .mdebug.abi32  0x00000000        0x0 build/default/production/_ext/1664057780/aes.o
 .mdebug.abi32  0x00000000        0x0 build/default/production/_ext/1664057780/des3.o
 .mdebug.abi32  0x00000000        0x0 build/default/production/_ext/1664057780/random.o
 .mdebug.abi32  0x00000000        0x0 build/default/production/_ext/1664057780/sha.o
 .mdebug.abi32  0x00000000        0x0 build/default/production/_ext/1664057780/sha256.o
 .mdebug.abi32  0x00000000        0x0 build/default/production/_ext/1664057780/sha512.o
 .mdebug.abi32  0x00000000        0x0 build/default/production/_ext/1664057780/misc.o
 .mdebug.abi32  0x00000000        0x0 build/default/production/_ext/1664057780/evp.o
 .mdebug.abi32  0x00000000        0x0 build/default/production/_ext/1645245335/crypto.o
 .mdebug.abi32  0x00000000        0x0 build/default/production/_ext/1171490990/freertos_hooks.o
 .mdebug.abi32  0x00000000        0x0 build/default/production/_ext/404212886/croutine.o
 .mdebug.abi32  0x00000000        0x0 build/default/production/_ext/404212886/list.o
 .mdebug.abi32  0x00000000        0x0 build/default/production/_ext/404212886/queue.o
 .mdebug.abi32  0x00000000        0x0 build/default/production/_ext/404212886/FreeRTOS_tasks.o
 .mdebug.abi32  0x00000000        0x0 build/default/production/_ext/404212886/timers.o
 .mdebug.abi32  0x00000000        0x0 build/default/production/_ext/404212886/event_groups.o
 .mdebug.abi32  0x00000000        0x0 build/default/production/_ext/404212886/stream_buffer.o
 .mdebug.abi32  0x00000000        0x0 build/default/production/_ext/1665200909/heap_1.o
 .mdebug.abi32  0x00000000        0x0 build/default/production/_ext/951553248/port.o
 .mdebug.abi32  0x00000000        0x0 c:/program files/microchip/xc32/v2.50/bin/bin/../../lib/gcc/pic32mx/4.8.3\libgcc.a(_udivdi3.o)
 .mdebug.abi32  0x00000000        0x0 c:/program files/microchip/xc32/v2.50/bin/bin/../../lib/gcc/pic32mx/4.8.3/../../../../pic32mx/lib\libpic32.a(default-on-reset.o)
 .mdebug.abi32  0x00000000        0x0 c:/program files/microchip/xc32/v2.50/bin/bin/../../lib/gcc/pic32mx/4.8.3/../../../../pic32mx/lib\libpic32.a(default-on-bootstrap.o)
 .mdebug.abi32  0x00000000        0x0 c:/program files/microchip/xc32/v2.50/bin/bin/../../lib/gcc/pic32mx/4.8.3/../../../../pic32mx/lib\libpic32.a(defaultinterrupt.o)
 .mdebug.abi32  0x00000000        0x0 c:/program files/microchip/xc32/v2.50/bin/bin/../../lib/gcc/pic32mx/4.8.3/../../../../pic32mx/lib\libc.a(calloc.o)
 .mdebug.abi32  0x00000000        0x0 c:/program files/microchip/xc32/v2.50/bin/bin/../../lib/gcc/pic32mx/4.8.3/../../../../pic32mx/lib\libc.a(ctime.o)
 .mdebug.abi32  0x00000000        0x0 c:/program files/microchip/xc32/v2.50/bin/bin/../../lib/gcc/pic32mx/4.8.3/../../../../pic32mx/lib\libc.a(ctype.o)
 .mdebug.abi32  0x00000000        0x0 c:/program files/microchip/xc32/v2.50/bin/bin/../../lib/gcc/pic32mx/4.8.3/../../../../pic32mx/lib\libc.a(ctypef.o)
 .mdebug.abi32  0x00000000        0x0 c:/program files/microchip/xc32/v2.50/bin/bin/../../lib/gcc/pic32mx/4.8.3/../../../../pic32mx/lib\libc.a(malloc.o)
 .mdebug.abi32  0x00000000        0x0 c:/program files/microchip/xc32/v2.50/bin/bin/../../lib/gcc/pic32mx/4.8.3/../../../../pic32mx/lib\libc.a(memmove.o)
 .mdebug.abi32  0x00000000        0x0 c:/program files/microchip/xc32/v2.50/bin/bin/../../lib/gcc/pic32mx/4.8.3/../../../../pic32mx/lib\libc.a(rand.o)
 .mdebug.abi32  0x00000000        0x0 c:/program files/microchip/xc32/v2.50/bin/bin/../../lib/gcc/pic32mx/4.8.3/../../../../pic32mx/lib\libc.a(strncmp.o)
 .mdebug.abi32  0x00000000        0x0 c:/program files/microchip/xc32/v2.50/bin/bin/../../lib/gcc/pic32mx/4.8.3/../../../../pic32mx/lib\libc.a(strncpy.o)
 .mdebug.abi32  0x00000000        0x0 c:/program files/microchip/xc32/v2.50/bin/bin/../../lib/gcc/pic32mx/4.8.3/../../../../pic32mx/lib\libc.a(strtol.o)
 .mdebug.abi32  0x00000000        0x0 c:/program files/microchip/xc32/v2.50/bin/bin/../../lib/gcc/pic32mx/4.8.3/../../../../pic32mx/lib\libc.a(time.o)
 .mdebug.abi32  0x00000000        0x0 c:/program files/microchip/xc32/v2.50/bin/bin/../../lib/gcc/pic32mx/4.8.3/../../../../pic32mx/lib\libc.a(snprintf_cdnopsuxX.eo)
 .mdebug.abi32  0x00000000        0x0 c:/program files/microchip/xc32/v2.50/bin/bin/../../lib/gcc/pic32mx/4.8.3/../../../../pic32mx/lib\libc.a(sprintf_cdnopuxX.eo)
 .mdebug.abi32  0x00000000        0x0 c:/program files/microchip/xc32/v2.50/bin/bin/../../lib/gcc/pic32mx/4.8.3/../../../../pic32mx/lib\libc.a(vsnprintf_cdnopsuxX.eo)
 .mdebug.abi32  0x00000000        0x0 c:/program files/microchip/xc32/v2.50/bin/bin/../../lib/gcc/pic32mx/4.8.3/../../../../pic32mx/lib\libc.a(errno.o)
 .mdebug.abi32  0x00000000        0x0 c:/program files/microchip/xc32/v2.50/bin/bin/../../lib/gcc/pic32mx/4.8.3/../../../../pic32mx/lib\libc.a(doprnt_cdnopsuxX.eo)
 .mdebug.abi32  0x00000000        0x0 c:/program files/microchip/xc32/v2.50/bin/bin/../../lib/gcc/pic32mx/4.8.3/../../../../pic32mx/lib\libc.a(_fputc_simple.o)
 .mdebug.abi32  0x00000000        0x0 c:/program files/microchip/xc32/v2.50/bin/bin/../../lib/gcc/pic32mx/4.8.3/../../../../pic32mx/lib\libc.a(_iob.o)
 .mdebug.abi32  0x00000000        0x0 c:/program files/microchip/xc32/v2.50/bin/bin/../../lib/gcc/pic32mx/4.8.3/../../../../pic32mx/lib\libc.a(_flsbuf_simple.o)
 .mdebug.abi32  0x00000000        0x0 c:/program files/microchip/xc32/v2.50/bin/bin/../../lib/gcc/pic32mx/4.8.3\libgcc.a(_umoddi3.o)
 .mdebug.abi32  0x00000000        0x0 c:/program files/microchip/xc32/v2.50/bin/bin/../../lib/gcc/pic32mx/4.8.3/../../../../pic32mx/lib\libpic32.a(sbrk.o)
 .mdebug.abi32  0x00000000        0x0 c:/program files/microchip/xc32/v2.50/bin/bin/../../lib/gcc/pic32mx/4.8.3/../../../../pic32mx/lib\libpic32.a(write.o)

.mdebug.abiN32
 *(.mdebug.abiN32)

.mdebug.abi64
 *(.mdebug.abi64)

.mdebug.abiO64
 *(.mdebug.abiO64)

.mdebug.eabi32
 *(.mdebug.eabi32)

.mdebug.eabi64
 *(.mdebug.eabi64)

.gcc_compiled_long32
 *(.gcc_compiled_long32)

.gcc_compiled_long64
 *(.gcc_compiled_long64)

.stab
 *(.stab)

.stabstr
 *(.stabstr)

.stab.excl
 *(.stab.excl)

.stab.exclstr
 *(.stab.exclstr)

.stab.index
 *(.stab.index)

.stab.indexstr
 *(.stab.indexstr)

.comment        0x00000000      0x19f
 *(.comment)
 .comment       0x00000000       0x3c build/default/production/_ext/60165520/plib_clk.o
                                 0x3d (size before relaxing)
 .comment       0x00000000       0x3d build/default/production/_ext/1865200349/plib_evic.o
 .comment       0x00000000       0x3d build/default/production/_ext/1865254177/plib_gpio.o
 .comment       0x00000000       0x3d build/default/production/_ext/298189674/plib_spi4_master.o
 .comment       0x00000000       0x3d build/default/production/_ext/163028504/xc32_monitor.o
 .comment       0x00000000       0x3d build/default/production/_ext/1171490990/initialization.o
 .comment       0x00000000       0x3d build/default/production/_ext/1171490990/interrupts.o
 .comment       0x00000000       0x3d build/default/production/_ext/1171490990/exceptions.o
 .comment       0x00000000       0x3d build/default/production/_ext/1360937237/main.o
 .comment       0x00000000       0x3d build/default/production/_ext/60181895/plib_tmr2.o
 .comment       0x00000000       0x3d build/default/production/_ext/732082881/drv_ethmac.o
 .comment       0x00000000       0x3d build/default/production/_ext/732082881/drv_ethmac_lib.o
 .comment       0x00000000       0x3d build/default/production/_ext/732082881/drv_eth_pic32_lib.o
 .comment       0x00000000       0x3d build/default/production/_ext/1033058136/tcp.o
 .comment       0x00000000       0x3d build/default/production/_ext/1033058136/arp.o
 .comment       0x00000000       0x3d build/default/production/_ext/101884895/sys_time.o
 .comment       0x00000000       0x3d build/default/production/_ext/1249264884/plib_coretimer.o
 .comment       0x00000000       0x3d build/default/production/_ext/298189674/plib_spi1_master.o
 .comment       0x00000000       0x3d build/default/production/_ext/1033058136/ipv4.o
 .comment       0x00000000       0x3d build/default/production/_ext/1033058136/dhcps.o
 .comment       0x00000000       0x3d build/default/production/_ext/1033058136/tcpip_heap_alloc.o
 .comment       0x00000000       0x3d build/default/production/_ext/1033058136/tcpip_heap_internal.o
 .comment       0x00000000       0x3d build/default/production/_ext/1033058136/dhcp.o
 .comment       0x00000000       0x3d build/default/production/_ext/1033058136/dns.o
 .comment       0x00000000       0x3d build/default/production/_ext/1033058136/helpers.o
 .comment       0x00000000       0x3d build/default/production/_ext/1033058136/hash_fnv.o
 .comment       0x00000000       0x3d build/default/production/_ext/1033058136/oahash.o
 .comment       0x00000000       0x3d build/default/production/_ext/1033058136/tcpip_helpers.o
 .comment       0x00000000       0x3d build/default/production/_ext/1033058136/tcpip_manager.o
 .comment       0x00000000       0x3d build/default/production/_ext/1033058136/tcpip_notify.o
 .comment       0x00000000       0x3d build/default/production/_ext/1033058136/tcpip_packet.o
 .comment       0x00000000       0x3d build/default/production/_ext/753841488/sys_time_h2_adapter.o
 .comment       0x00000000       0x3d build/default/production/_ext/753841488/sys_random_h2_adapter.o
 .comment       0x00000000       0x3d build/default/production/_ext/1881668453/sys_int.o
 .comment       0x00000000       0x3d build/default/production/_ext/1529399856/osal_freertos.o
 .comment       0x00000000       0x3d build/default/production/_ext/1360937237/app.o
 .comment       0x00000000       0x3d build/default/production/_ext/1171490990/tasks.o
 .comment       0x00000000       0x3d build/default/production/_ext/1033058136/tcpip_announce.o
 .comment       0x00000000       0x3d build/default/production/_ext/1033058136/udp.o
 .comment       0x00000000       0x3d build/default/production/_ext/438849557/drv_miim.o
 .comment       0x00000000       0x3d build/default/production/_ext/444070925/drv_ethphy.o
 .comment       0x00000000       0x3d build/default/production/_ext/444070925/drv_extphy_smsc8720.o
 .comment       0x00000000       0x3d build/default/production/_ext/1664057780/arc4.o
 .comment       0x00000000       0x3d build/default/production/_ext/1664057780/asm.o
 .comment       0x00000000       0x3d build/default/production/_ext/1664057780/asn.o
 .comment       0x00000000       0x3d build/default/production/_ext/1664057780/blake2b.o
 .comment       0x00000000       0x3d build/default/production/_ext/1664057780/blake2s.o
 .comment       0x00000000       0x3d build/default/production/_ext/1664057780/camellia.o
 .comment       0x00000000       0x3d build/default/production/_ext/1664057780/chacha.o
 .comment       0x00000000       0x3d build/default/production/_ext/1664057780/chacha20_poly1305.o
 .comment       0x00000000       0x3d build/default/production/_ext/1664057780/cmac.o
 .comment       0x00000000       0x3d build/default/production/_ext/1664057780/coding.o
 .comment       0x00000000       0x3d build/default/production/_ext/1664057780/compress.o
 .comment       0x00000000       0x3d build/default/production/_ext/1664057780/cpuid.o
 .comment       0x00000000       0x3d build/default/production/_ext/1664057780/cryptocb.o
 .comment       0x00000000       0x3d build/default/production/_ext/1664057780/curve25519.o
 .comment       0x00000000       0x3d build/default/production/_ext/1664057780/curve448.o
 .comment       0x00000000       0x3d build/default/production/_ext/1664057780/dh.o
 .comment       0x00000000       0x3d build/default/production/_ext/1664057780/dsa.o
 .comment       0x00000000       0x3d build/default/production/_ext/1664057780/ecc.o
 .comment       0x00000000       0x3d build/default/production/_ext/1664057780/ecc_fp.o
 .comment       0x00000000       0x3d build/default/production/_ext/1664057780/ed25519.o
 .comment       0x00000000       0x3d build/default/production/_ext/1664057780/ed448.o
 .comment       0x00000000       0x3d build/default/production/_ext/1664057780/error.o
 .comment       0x00000000       0x3d build/default/production/_ext/1664057780/fe_448.o
 .comment       0x00000000       0x3d build/default/production/_ext/1664057780/fe_low_mem.o
 .comment       0x00000000       0x3d build/default/production/_ext/1664057780/fe_operations.o
 .comment       0x00000000       0x3d build/default/production/_ext/1664057780/ge_448.o
 .comment       0x00000000       0x3d build/default/production/_ext/1664057780/ge_low_mem.o
 .comment       0x00000000       0x3d build/default/production/_ext/1664057780/ge_operations.o
 .comment       0x00000000       0x3d build/default/production/_ext/1664057780/hash.o
 .comment       0x00000000       0x3d build/default/production/_ext/1664057780/hc128.o
 .comment       0x00000000       0x3d build/default/production/_ext/1664057780/hmac.o
 .comment       0x00000000       0x3d build/default/production/_ext/1664057780/idea.o
 .comment       0x00000000       0x3d build/default/production/_ext/1664057780/integer.o
 .comment       0x00000000       0x3d build/default/production/_ext/1664057780/logging.o
 .comment       0x00000000       0x3d build/default/production/_ext/1664057780/md2.o
 .comment       0x00000000       0x3d build/default/production/_ext/1664057780/md4.o
 .comment       0x00000000       0x3d build/default/production/_ext/1664057780/md5.o
 .comment       0x00000000       0x3d build/default/production/_ext/1664057780/memory.o
 .comment       0x00000000       0x3d build/default/production/_ext/1664057780/pkcs12.o
 .comment       0x00000000       0x3d build/default/production/_ext/1664057780/pkcs7.o
 .comment       0x00000000       0x3d build/default/production/_ext/1664057780/poly1305.o
 .comment       0x00000000       0x3d build/default/production/_ext/1664057780/pwdbased.o
 .comment       0x00000000       0x3d build/default/production/_ext/1664057780/rabbit.o
 .comment       0x00000000       0x3d build/default/production/_ext/1664057780/rc2.o
 .comment       0x00000000       0x3d build/default/production/_ext/1664057780/ripemd.o
 .comment       0x00000000       0x3d build/default/production/_ext/1664057780/rsa.o
 .comment       0x00000000       0x3d build/default/production/_ext/1664057780/sha3.o
 .comment       0x00000000       0x3d build/default/production/_ext/1664057780/signature.o
 .comment       0x00000000       0x3d build/default/production/_ext/1664057780/sp_arm32.o
 .comment       0x00000000       0x3d build/default/production/_ext/1664057780/sp_arm64.o
 .comment       0x00000000       0x3d build/default/production/_ext/1664057780/sp_armthumb.o
 .comment       0x00000000       0x3d build/default/production/_ext/1664057780/sp_c32.o
 .comment       0x00000000       0x3d build/default/production/_ext/1664057780/sp_c64.o
 .comment       0x00000000       0x3d build/default/production/_ext/1664057780/sp_cortexm.o
 .comment       0x00000000       0x3d build/default/production/_ext/1664057780/sp_dsp32.o
 .comment       0x00000000       0x3d build/default/production/_ext/1664057780/sp_int.o
 .comment       0x00000000       0x3d build/default/production/_ext/1664057780/sp_x86_64.o
 .comment       0x00000000       0x3d build/default/production/_ext/1664057780/srp.o
 .comment       0x00000000       0x3d build/default/production/_ext/1664057780/tfm.o
 .comment       0x00000000       0x3d build/default/production/_ext/1664057780/wc_dsp.o
 .comment       0x00000000       0x3d build/default/production/_ext/1664057780/wc_encrypt.o
 .comment       0x00000000       0x3d build/default/production/_ext/1664057780/wc_pkcs11.o
 .comment       0x00000000       0x3d build/default/production/_ext/1664057780/wc_port.o
 .comment       0x00000000       0x3d build/default/production/_ext/1664057780/wolfevent.o
 .comment       0x00000000       0x3d build/default/production/_ext/1664057780/wolfmath.o
 .comment       0x00000000       0x3d build/default/production/_ext/172253694/pic32mz-crypt.o
 .comment       0x00000000       0x3d build/default/production/_ext/172253694/crypt_aes_sam6149.o
 .comment       0x00000000       0x3d build/default/production/_ext/172253694/crypt_aes_u2238.o
 .comment       0x00000000       0x3d build/default/production/_ext/172253694/crypt_ecc_ba414e.o
 .comment       0x00000000       0x3d build/default/production/_ext/172253694/crypt_ecc_pukcl.o
 .comment       0x00000000       0x3d build/default/production/_ext/172253694/crypt_pukcl_functions.o
 .comment       0x00000000       0x3d build/default/production/_ext/172253694/crypt_rng_sam6334.o
 .comment       0x00000000       0x3d build/default/production/_ext/172253694/crypt_rng_u2242.o
 .comment       0x00000000       0x3d build/default/production/_ext/172253694/crypt_rsa_pukcl.o
 .comment       0x00000000       0x3d build/default/production/_ext/172253694/crypt_sam_u2803.o
 .comment       0x00000000       0x3d build/default/production/_ext/172253694/crypt_sha1_sam11105.o
 .comment       0x00000000       0x3d build/default/production/_ext/172253694/crypt_sha1_sam6156.o
 .comment       0x00000000       0x3d build/default/production/_ext/172253694/crypt_sha224_sam11105.o
 .comment       0x00000000       0x3d build/default/production/_ext/172253694/crypt_sha224_sam6156.o
 .comment       0x00000000       0x3d build/default/production/_ext/172253694/crypt_sha256_sam11105.o
 .comment       0x00000000       0x3d build/default/production/_ext/172253694/crypt_sha256_sam6156.o
 .comment       0x00000000       0x3d build/default/production/_ext/172253694/crypt_sha384_sam6156.o
 .comment       0x00000000       0x3d build/default/production/_ext/172253694/crypt_sha512_sam6156.o
 .comment       0x00000000       0x3d build/default/production/_ext/172253694/crypt_tdes_sam6150.o
 .comment       0x00000000       0x3d build/default/production/_ext/172253694/crypt_wolfcryptcb.o
 .comment       0x00000000       0x3d build/default/production/_ext/1664057780/aes.o
 .comment       0x00000000       0x3d build/default/production/_ext/1664057780/des3.o
 .comment       0x00000000       0x3d build/default/production/_ext/1664057780/random.o
 .comment       0x00000000       0x3d build/default/production/_ext/1664057780/sha.o
 .comment       0x00000000       0x3d build/default/production/_ext/1664057780/sha256.o
 .comment       0x00000000       0x3d build/default/production/_ext/1664057780/sha512.o
 .comment       0x00000000       0x3d build/default/production/_ext/1664057780/misc.o
 .comment       0x00000000       0x3d build/default/production/_ext/1664057780/evp.o
 .comment       0x00000000       0x3d build/default/production/_ext/1645245335/crypto.o
 .comment       0x00000000       0x3d build/default/production/_ext/1171490990/freertos_hooks.o
 .comment       0x00000000       0x3d build/default/production/_ext/404212886/croutine.o
 .comment       0x00000000       0x3d build/default/production/_ext/404212886/list.o
 .comment       0x00000000       0x3d build/default/production/_ext/404212886/queue.o
 .comment       0x00000000       0x3d build/default/production/_ext/404212886/FreeRTOS_tasks.o
 .comment       0x00000000       0x3d build/default/production/_ext/404212886/timers.o
 .comment       0x00000000       0x3d build/default/production/_ext/404212886/event_groups.o
 .comment       0x00000000       0x3d build/default/production/_ext/404212886/stream_buffer.o
 .comment       0x00000000       0x3d build/default/production/_ext/1665200909/heap_1.o
 .comment       0x00000000       0x3d build/default/production/_ext/951553248/port.o
 .comment       0x00000000       0x3d c:/program files/microchip/xc32/v2.50/bin/bin/../../lib/gcc/pic32mx/4.8.3\libgcc.a(_udivdi3.o)
 .comment       0x0000003c       0x18 c:/program files/microchip/xc32/v2.50/bin/bin/../../lib/gcc/pic32mx/4.8.3/../../../../pic32mx/lib\libpic32.a(memcmp.o)
                                 0x19 (size before relaxing)
 .comment       0x00000054       0x18 c:/program files/microchip/xc32/v2.50/bin/bin/../../lib/gcc/pic32mx/4.8.3/../../../../pic32mx/lib\libpic32.a(memset.o)
                                 0x19 (size before relaxing)
 .comment       0x0000006c       0x19 c:/program files/microchip/xc32/v2.50/bin/bin/../../lib/gcc/pic32mx/4.8.3/../../../../pic32mx/lib\libpic32.a(strcmp.o)
                                 0x1a (size before relaxing)
 .comment       0x00000085       0x19 c:/program files/microchip/xc32/v2.50/bin/bin/../../lib/gcc/pic32mx/4.8.3/../../../../pic32mx/lib\libpic32.a(strcpy.o)
                                 0x1a (size before relaxing)
 .comment       0x0000009e       0x19 c:/program files/microchip/xc32/v2.50/bin/bin/../../lib/gcc/pic32mx/4.8.3/../../../../pic32mx/lib\libpic32.a(strlen.o)
                                 0x1a (size before relaxing)
 .comment       0x00000000       0x3d c:/program files/microchip/xc32/v2.50/bin/bin/../../lib/gcc/pic32mx/4.8.3/../../../../pic32mx/lib\libpic32.a(default-on-reset.o)
 .comment       0x00000000       0x3d c:/program files/microchip/xc32/v2.50/bin/bin/../../lib/gcc/pic32mx/4.8.3/../../../../pic32mx/lib\libpic32.a(default-on-bootstrap.o)
 .comment       0x00000000       0x3d c:/program files/microchip/xc32/v2.50/bin/bin/../../lib/gcc/pic32mx/4.8.3/../../../../pic32mx/lib\libpic32.a(defaultinterrupt.o)
 .comment       0x00000000       0x3d c:/program files/microchip/xc32/v2.50/bin/bin/../../lib/gcc/pic32mx/4.8.3/../../../../pic32mx/lib\libc.a(calloc.o)
 .comment       0x00000000       0x3d c:/program files/microchip/xc32/v2.50/bin/bin/../../lib/gcc/pic32mx/4.8.3/../../../../pic32mx/lib\libc.a(ctime.o)
 .comment       0x000000b7       0x4e c:/program files/microchip/xc32/v2.50/bin/bin/../../lib/gcc/pic32mx/4.8.3/../../../../pic32mx/lib\libc.a(ctype.o)
                                 0x8b (size before relaxing)
 .comment       0x00000105       0x4f c:/program files/microchip/xc32/v2.50/bin/bin/../../lib/gcc/pic32mx/4.8.3/../../../../pic32mx/lib\libc.a(ctypef.o)
                                 0x8c (size before relaxing)
 .comment       0x00000000       0x3d c:/program files/microchip/xc32/v2.50/bin/bin/../../lib/gcc/pic32mx/4.8.3/../../../../pic32mx/lib\libc.a(malloc.o)
 .comment       0x00000000       0x3d c:/program files/microchip/xc32/v2.50/bin/bin/../../lib/gcc/pic32mx/4.8.3/../../../../pic32mx/lib\libc.a(memmove.o)
 .comment       0x00000000       0x3d c:/program files/microchip/xc32/v2.50/bin/bin/../../lib/gcc/pic32mx/4.8.3/../../../../pic32mx/lib\libc.a(rand.o)
 .comment       0x00000000       0x3d c:/program files/microchip/xc32/v2.50/bin/bin/../../lib/gcc/pic32mx/4.8.3/../../../../pic32mx/lib\libc.a(strncmp.o)
 .comment       0x00000000       0x3d c:/program files/microchip/xc32/v2.50/bin/bin/../../lib/gcc/pic32mx/4.8.3/../../../../pic32mx/lib\libc.a(strncpy.o)
 .comment       0x00000000       0x3d c:/program files/microchip/xc32/v2.50/bin/bin/../../lib/gcc/pic32mx/4.8.3/../../../../pic32mx/lib\libc.a(strtol.o)
 .comment       0x00000000       0x3d c:/program files/microchip/xc32/v2.50/bin/bin/../../lib/gcc/pic32mx/4.8.3/../../../../pic32mx/lib\libc.a(time.o)
 .comment       0x00000000       0x3d c:/program files/microchip/xc32/v2.50/bin/bin/../../lib/gcc/pic32mx/4.8.3/../../../../pic32mx/lib\libc.a(snprintf_cdnopsuxX.eo)
 .comment       0x00000000       0x3d c:/program files/microchip/xc32/v2.50/bin/bin/../../lib/gcc/pic32mx/4.8.3/../../../../pic32mx/lib\libc.a(sprintf_cdnopuxX.eo)
 .comment       0x00000000       0x3d c:/program files/microchip/xc32/v2.50/bin/bin/../../lib/gcc/pic32mx/4.8.3/../../../../pic32mx/lib\libc.a(vsnprintf_cdnopsuxX.eo)
 .comment       0x00000000       0x3d c:/program files/microchip/xc32/v2.50/bin/bin/../../lib/gcc/pic32mx/4.8.3/../../../../pic32mx/lib\libc.a(errno.o)
 .comment       0x00000000       0x3d c:/program files/microchip/xc32/v2.50/bin/bin/../../lib/gcc/pic32mx/4.8.3/../../../../pic32mx/lib\libc.a(doprnt_cdnopsuxX.eo)
 .comment       0x00000000       0x3d c:/program files/microchip/xc32/v2.50/bin/bin/../../lib/gcc/pic32mx/4.8.3/../../../../pic32mx/lib\libc.a(_fputc_simple.o)
 .comment       0x00000000       0x3d c:/program files/microchip/xc32/v2.50/bin/bin/../../lib/gcc/pic32mx/4.8.3/../../../../pic32mx/lib\libc.a(_iob.o)
 .comment       0x00000000       0x3d c:/program files/microchip/xc32/v2.50/bin/bin/../../lib/gcc/pic32mx/4.8.3/../../../../pic32mx/lib\libc.a(_flsbuf_simple.o)
 .comment       0x00000000       0x3d c:/program files/microchip/xc32/v2.50/bin/bin/../../lib/gcc/pic32mx/4.8.3\libgcc.a(_umoddi3.o)
 .comment       0x00000154       0x4b c:/program files/microchip/xc32/v2.50/bin/bin/../../lib/gcc/pic32mx/4.8.3/../../../../pic32mx/lib\libpic32.a(sbrk.o)
                                 0x88 (size before relaxing)
 .comment       0x00000000       0x3d c:/program files/microchip/xc32/v2.50/bin/bin/../../lib/gcc/pic32mx/4.8.3/../../../../pic32mx/lib\libpic32.a(write.o)

.debug
 *.elf(.debug)
 *(.debug)

.line
 *.elf(.line)
 *(.line)

.debug_srcinfo
 *.elf(.debug_srcinfo)
 *(.debug_srcinfo)

.debug_sfnames
 *.elf(.debug_sfnames)
 *(.debug_sfnames)

.debug_aranges  0x00000000     0x42a0
 *.elf(.debug_aranges)
 *(.debug_aranges)
 .debug_aranges
                0x00000000       0x20 build/default/production/_ext/60165520/plib_clk.o
 .debug_aranges
                0x00000020       0x68 build/default/production/_ext/1865200349/plib_evic.o
 .debug_aranges
                0x00000088       0x60 build/default/production/_ext/1865254177/plib_gpio.o
 .debug_aranges
                0x000000e8       0x58 build/default/production/_ext/298189674/plib_spi4_master.o
 .debug_aranges
                0x00000140       0x28 build/default/production/_ext/163028504/xc32_monitor.o
 .debug_aranges
                0x00000168       0x28 build/default/production/_ext/1171490990/initialization.o
 .debug_aranges
                0x00000190       0x40 build/default/production/_ext/1171490990/interrupts.o
 .debug_aranges
                0x000001d0       0x28 build/default/production/_ext/1171490990/exceptions.o
 .debug_aranges
                0x000001f8       0x20 build/default/production/_ext/1360937237/main.o
 .debug_aranges
                0x00000218       0x70 build/default/production/_ext/60181895/plib_tmr2.o
 .debug_aranges
                0x00000288      0x188 build/default/production/_ext/732082881/drv_ethmac.o
 .debug_aranges
                0x00000410       0xe8 build/default/production/_ext/732082881/drv_ethmac_lib.o
 .debug_aranges
                0x000004f8      0x240 build/default/production/_ext/732082881/drv_eth_pic32_lib.o
 .debug_aranges
                0x00000738      0x238 build/default/production/_ext/1033058136/tcp.o
 .debug_aranges
                0x00000970      0x110 build/default/production/_ext/1033058136/arp.o
 .debug_aranges
                0x00000a80      0x130 build/default/production/_ext/101884895/sys_time.o
 .debug_aranges
                0x00000bb0       0x68 build/default/production/_ext/1249264884/plib_coretimer.o
 .debug_aranges
                0x00000c18       0x58 build/default/production/_ext/298189674/plib_spi1_master.o
 .debug_aranges
                0x00000c70       0xe8 build/default/production/_ext/1033058136/ipv4.o
 .debug_aranges
                0x00000d58      0x110 build/default/production/_ext/1033058136/dhcps.o
 .debug_aranges
                0x00000e68       0x48 build/default/production/_ext/1033058136/tcpip_heap_alloc.o
 .debug_aranges
                0x00000eb0       0x68 build/default/production/_ext/1033058136/tcpip_heap_internal.o
 .debug_aranges
                0x00000f18       0x50 build/default/production/_ext/1033058136/dhcp.o
 .debug_aranges
                0x00000f68       0x68 build/default/production/_ext/1033058136/dns.o
 .debug_aranges
                0x00000fd0       0x48 build/default/production/_ext/1033058136/helpers.o
 .debug_aranges
                0x00001018       0x28 build/default/production/_ext/1033058136/hash_fnv.o
 .debug_aranges
                0x00001040       0x50 build/default/production/_ext/1033058136/oahash.o
 .debug_aranges
                0x00001090      0x210 build/default/production/_ext/1033058136/tcpip_helpers.o
 .debug_aranges
                0x000012a0       0x20 build/default/production/_ext/1033058136/tcpip_helper_c32.o
 .debug_aranges
                0x000012c0      0x398 build/default/production/_ext/1033058136/tcpip_manager.o
 .debug_aranges
                0x00001658       0x48 build/default/production/_ext/1033058136/tcpip_notify.o
 .debug_aranges
                0x000016a0       0x80 build/default/production/_ext/1033058136/tcpip_packet.o
 .debug_aranges
                0x00001720       0x40 build/default/production/_ext/753841488/sys_time_h2_adapter.o
 .debug_aranges
                0x00001760       0x48 build/default/production/_ext/753841488/sys_random_h2_adapter.o
 .debug_aranges
                0x000017a8       0x40 build/default/production/_ext/1881668453/sys_int.o
 .debug_aranges
                0x000017e8       0x90 build/default/production/_ext/1529399856/osal_freertos.o
 .debug_aranges
                0x00001878       0x28 build/default/production/_ext/1360937237/app.o
 .debug_aranges
                0x000018a0       0x38 build/default/production/_ext/1171490990/tasks.o
 .debug_aranges
                0x000018d8       0x68 build/default/production/_ext/1171490990/interrupts_a.o
 .debug_aranges
                0x00001940       0x88 build/default/production/_ext/1033058136/tcpip_announce.o
 .debug_aranges
                0x000019c8      0x1c0 build/default/production/_ext/1033058136/udp.o
 .debug_aranges
                0x00001b88       0xe0 build/default/production/_ext/438849557/drv_miim.o
 .debug_aranges
                0x00001c68      0x240 build/default/production/_ext/444070925/drv_ethphy.o
 .debug_aranges
                0x00001ea8       0x30 build/default/production/_ext/444070925/drv_extphy_smsc8720.o
 .debug_aranges
                0x00001ed8       0x18 build/default/production/_ext/1664057780/arc4.o
 .debug_aranges
                0x00001ef0       0x18 build/default/production/_ext/1664057780/asm.o
 .debug_aranges
                0x00001f08      0x358 build/default/production/_ext/1664057780/asn.o
 .debug_aranges
                0x00002260       0x18 build/default/production/_ext/1664057780/blake2b.o
 .debug_aranges
                0x00002278       0x18 build/default/production/_ext/1664057780/blake2s.o
 .debug_aranges
                0x00002290       0x18 build/default/production/_ext/1664057780/camellia.o
 .debug_aranges
                0x000022a8       0x18 build/default/production/_ext/1664057780/chacha.o
 .debug_aranges
                0x000022c0       0x18 build/default/production/_ext/1664057780/chacha20_poly1305.o
 .debug_aranges
                0x000022d8       0x18 build/default/production/_ext/1664057780/cmac.o
 .debug_aranges
                0x000022f0       0x20 build/default/production/_ext/1664057780/coding.o
 .debug_aranges
                0x00002310       0x18 build/default/production/_ext/1664057780/compress.o
 .debug_aranges
                0x00002328       0x18 build/default/production/_ext/1664057780/cpuid.o
 .debug_aranges
                0x00002340       0xd8 build/default/production/_ext/1664057780/cryptocb.o
 .debug_aranges
                0x00002418       0x18 build/default/production/_ext/1664057780/curve25519.o
 .debug_aranges
                0x00002430       0x18 build/default/production/_ext/1664057780/curve448.o
 .debug_aranges
                0x00002448       0x18 build/default/production/_ext/1664057780/dh.o
 .debug_aranges
                0x00002460       0x18 build/default/production/_ext/1664057780/dsa.o
 .debug_aranges
                0x00002478      0x2c0 build/default/production/_ext/1664057780/ecc.o
 .debug_aranges
                0x00002738       0x18 build/default/production/_ext/1664057780/ed25519.o
 .debug_aranges
                0x00002750       0x18 build/default/production/_ext/1664057780/ed448.o
 .debug_aranges
                0x00002768       0x18 build/default/production/_ext/1664057780/error.o
 .debug_aranges
                0x00002780       0x18 build/default/production/_ext/1664057780/fe_448.o
 .debug_aranges
                0x00002798       0x18 build/default/production/_ext/1664057780/fe_low_mem.o
 .debug_aranges
                0x000027b0       0x18 build/default/production/_ext/1664057780/fe_operations.o
 .debug_aranges
                0x000027c8       0x18 build/default/production/_ext/1664057780/ge_448.o
 .debug_aranges
                0x000027e0       0x18 build/default/production/_ext/1664057780/ge_low_mem.o
 .debug_aranges
                0x000027f8       0x18 build/default/production/_ext/1664057780/ge_operations.o
 .debug_aranges
                0x00002810       0xa0 build/default/production/_ext/1664057780/hash.o
 .debug_aranges
                0x000028b0       0x18 build/default/production/_ext/1664057780/hc128.o
 .debug_aranges
                0x000028c8       0x60 build/default/production/_ext/1664057780/hmac.o
 .debug_aranges
                0x00002928       0x18 build/default/production/_ext/1664057780/idea.o
 .debug_aranges
                0x00002940       0x18 build/default/production/_ext/1664057780/integer.o
 .debug_aranges
                0x00002958       0x38 build/default/production/_ext/1664057780/logging.o
 .debug_aranges
                0x00002990       0x18 build/default/production/_ext/1664057780/md2.o
 .debug_aranges
                0x000029a8       0x18 build/default/production/_ext/1664057780/md4.o
 .debug_aranges
                0x000029c0       0x68 build/default/production/_ext/1664057780/md5.o
 .debug_aranges
                0x00002a28       0x18 build/default/production/_ext/1664057780/memory.o
 .debug_aranges
                0x00002a40       0x18 build/default/production/_ext/1664057780/pkcs12.o
 .debug_aranges
                0x00002a58       0x18 build/default/production/_ext/1664057780/pkcs7.o
 .debug_aranges
                0x00002a70       0x18 build/default/production/_ext/1664057780/poly1305.o
 .debug_aranges
                0x00002a88       0x18 build/default/production/_ext/1664057780/pwdbased.o
 .debug_aranges
                0x00002aa0       0x18 build/default/production/_ext/1664057780/rabbit.o
 .debug_aranges
                0x00002ab8       0x18 build/default/production/_ext/1664057780/rc2.o
 .debug_aranges
                0x00002ad0       0x18 build/default/production/_ext/1664057780/ripemd.o
 .debug_aranges
                0x00002ae8      0x100 build/default/production/_ext/1664057780/rsa.o
 .debug_aranges
                0x00002be8       0x18 build/default/production/_ext/1664057780/sha3.o
 .debug_aranges
                0x00002c00       0x18 build/default/production/_ext/1664057780/signature.o
 .debug_aranges
                0x00002c18       0x18 build/default/production/_ext/1664057780/sp_arm32.o
 .debug_aranges
                0x00002c30       0x18 build/default/production/_ext/1664057780/sp_arm64.o
 .debug_aranges
                0x00002c48       0x18 build/default/production/_ext/1664057780/sp_armthumb.o
 .debug_aranges
                0x00002c60       0x18 build/default/production/_ext/1664057780/sp_c32.o
 .debug_aranges
                0x00002c78       0x18 build/default/production/_ext/1664057780/sp_c64.o
 .debug_aranges
                0x00002c90       0x18 build/default/production/_ext/1664057780/sp_cortexm.o
 .debug_aranges
                0x00002ca8       0x18 build/default/production/_ext/1664057780/sp_dsp32.o
 .debug_aranges
                0x00002cc0       0x18 build/default/production/_ext/1664057780/sp_int.o
 .debug_aranges
                0x00002cd8       0x18 build/default/production/_ext/1664057780/sp_x86_64.o
 .debug_aranges
                0x00002cf0       0x18 build/default/production/_ext/1664057780/srp.o
 .debug_aranges
                0x00002d08      0x438 build/default/production/_ext/1664057780/tfm.o
 .debug_aranges
                0x00003140       0x18 build/default/production/_ext/1664057780/wc_dsp.o
 .debug_aranges
                0x00003158       0x48 build/default/production/_ext/1664057780/wc_encrypt.o
 .debug_aranges
                0x000031a0       0x18 build/default/production/_ext/1664057780/wc_pkcs11.o
 .debug_aranges
                0x000031b8       0x58 build/default/production/_ext/1664057780/wc_port.o
 .debug_aranges